{
 "results": {
  "all": {
   "n": 468,
   "n_speakers": 228,
   "balanced": 0.7602963967454475,
   "balanced_ci": [
    0.6966733068916542,
    0.8173875574198827
   ],
   "standard": 0.7672801239829523,
   "standard_ci": [
    0.7086163432415024,
    0.8231036112107747
   ],
   "diff_bal_minus_std": -0.006983727237504844,
   "diff_ci": [
    -0.04277850868808746,
    0.03132248532255817
   ],
   "usable_draws": 2000,
   "usable_diff_draws": 2000,
   "balanced_multivariant": 0.7620689655172413,
   "balanced_multivariant_ci": [
    0.7005645912729103,
    0.819170289953719
   ]
  },
  "conflict": {
   "n": 146,
   "n_speakers": 100,
   "balanced": 0.5003300330033004,
   "balanced_ci": [
    0.39356833363775307,
    0.6170451445717402
   ],
   "standard": 0.5189218921892189,
   "standard_ci": [
    0.41506175011633817,
    0.6300319602272727
   ],
   "diff_bal_minus_std": -0.018591859185918547,
   "diff_ci": [
    -0.12229329700427545,
    0.0725416642814208
   ],
   "usable_draws": 2000,
   "usable_diff_draws": 2000,
   "balanced_multivariant": 0.4998899889988999,
   "balanced_multivariant_ci": [
    0.39234778442154417,
    0.6151065017097265
   ]
  },
  "agreement": {
   "n": 322,
   "n_speakers": 175,
   "balanced": 0.8573417671162032,
   "balanced_ci": [
    0.8062823511782006,
    0.9053364796090214
   ],
   "standard": 0.8593109758523292,
   "standard_ci": [
    0.8062665114307612,
    0.9069469899808266
   ],
   "diff_bal_minus_std": -0.001969208736125938,
   "diff_ci": [
    -0.03447915700742986,
    0.03102738255097745
   ],
   "usable_draws": 2000,
   "usable_diff_draws": 2000,
   "balanced_multivariant": 0.8602856347217249,
   "balanced_multivariant_ci": [
    0.8099152604966305,
    0.9064807302028052
   ]
  }
 },
 "gap": {
  "balanced_gap": -0.3570117341129029,
  "balanced_gap_ci": [
   -0.46485827567961524,
   -0.2458860937663257
  ],
  "standard_gap": -0.34038908366311027,
  "standard_gap_ci": [
   -0.4467939190869156,
   -0.22623267859903493
  ],
  "gap_change": -0.01662265044979261,
  "gap_change_ci": [
   -0.11434566311149062,
   0.08794448155876686
  ]
 }
}
