{
 "results": {
  "all": {
   "n": 468,
   "n_speakers": 228,
   "balanced": 0.7734017822549399,
   "balanced_ci": [
    0.7172221480103085,
    0.8285715091570159
   ],
   "standard": 0.7672801239829523,
   "standard_ci": [
    0.7086163432415024,
    0.8231036112107747
   ],
   "diff_bal_minus_std": 0.006121658271987629,
   "diff_ci": [
    -0.03368830897018285,
    0.04931017324798386
   ],
   "usable_draws": 2000,
   "usable_diff_draws": 2000,
   "balanced_multivariant": 0.7738860906625339,
   "balanced_multivariant_ci": [
    0.7189999773312203,
    0.8290089793678569
   ]
  },
  "conflict": {
   "n": 146,
   "n_speakers": 100,
   "balanced": 0.448954895489549,
   "balanced_ci": [
    0.33846219811716916,
    0.5682059270516717
   ],
   "standard": 0.5189218921892189,
   "standard_ci": [
    0.41506175011633817,
    0.6300319602272727
   ],
   "diff_bal_minus_std": -0.06996699669966994,
   "diff_ci": [
    -0.16782268450378474,
    0.014229093539338648
   ],
   "usable_draws": 2000,
   "usable_diff_draws": 2000,
   "balanced_multivariant": 0.44554455445544555,
   "balanced_multivariant_ci": [
    0.33428877363080345,
    0.5641033434650455
   ]
  },
  "agreement": {
   "n": 322,
   "n_speakers": 175,
   "balanced": 0.8966861598440545,
   "balanced_ci": [
    0.8591671700234118,
    0.9321591602128683
   ],
   "standard": 0.8593109758523292,
   "standard_ci": [
    0.8062665114307612,
    0.9069469899808266
   ],
   "diff_bal_minus_std": 0.03737518399172535,
   "diff_ci": [
    0.002483532959633683,
    0.07858816267733343
   ],
   "usable_draws": 2000,
   "usable_diff_draws": 2000,
   "balanced_multivariant": 0.8972033257747544,
   "balanced_multivariant_ci": [
    0.8600141651296943,
    0.9319007746005642
   ]
  }
 },
 "gap": {
  "balanced_gap": -0.44773126435450555,
  "balanced_gap_ci": [
   -0.5557741669166465,
   -0.3350636849805511
  ],
  "standard_gap": -0.34038908366311027,
  "standard_gap_ci": [
   -0.4467939190869156,
   -0.22623267859903493
  ],
  "gap_change": -0.10734218069139528,
  "gap_change_ci": [
   -0.1966861420975261,
   -0.013701380553022547
  ]
 }
}
