{
 "results": {
  "all": {
   "n": 468,
   "n_speakers": 228,
   "balanced": 0.7720069740410693,
   "balanced_ci": [
    0.7165576488792208,
    0.8279997186273864
   ],
   "standard": 0.7672801239829523,
   "standard_ci": [
    0.7086163432415024,
    0.8231036112107747
   ],
   "diff_bal_minus_std": 0.004726850058117016,
   "diff_ci": [
    -0.03493513310939926,
    0.04596641391043543
   ],
   "usable_draws": 2000,
   "usable_diff_draws": 2000,
   "balanced_multivariant": 0.7723750484308407,
   "balanced_multivariant_ci": [
    0.7165571388517844,
    0.8285197952641393
   ]
  },
  "conflict": {
   "n": 146,
   "n_speakers": 100,
   "balanced": 0.46974697469746973,
   "balanced_ci": [
    0.36127435322940504,
    0.5905700089789964
   ],
   "standard": 0.5189218921892189,
   "standard_ci": [
    0.41506175011633817,
    0.6300319602272727
   ],
   "diff_bal_minus_std": -0.04917491749174918,
   "diff_ci": [
    -0.15262769183590022,
    0.05370499918180329
   ],
   "usable_draws": 2000,
   "usable_diff_draws": 2000,
   "balanced_multivariant": 0.4726072607260726,
   "balanced_multivariant_ci": [
    0.3634799224819645,
    0.5924105802608124
   ]
  },
  "agreement": {
   "n": 322,
   "n_speakers": 175,
   "balanced": 0.8894856188089271,
   "balanced_ci": [
    0.8455983547293615,
    0.9285808193884425
   ],
   "standard": 0.8593109758523292,
   "standard_ci": [
    0.8062665114307612,
    0.9069469899808266
   ],
   "diff_bal_minus_std": 0.030174642956597886,
   "diff_ci": [
    -0.0022416155254415286,
    0.0679093567251462
   ],
   "usable_draws": 2000,
   "usable_diff_draws": 2000,
   "balanced_multivariant": 0.8896049647929347,
   "balanced_multivariant_ci": [
    0.8455290570175439,
    0.9289670070412698
   ]
  }
 },
 "gap": {
  "balanced_gap": -0.41973864411145734,
  "balanced_gap_ci": [
   -0.5321331450322524,
   -0.29476903392451187
  ],
  "standard_gap": -0.34038908366311027,
  "standard_gap_ci": [
   -0.4467939190869156,
   -0.22623267859903493
  ],
  "gap_change": -0.07934956044834707,
  "gap_change_ci": [
   -0.18948852482435158,
   0.03306434146582162
  ]
 }
}
