{
 "results": {
  "all": {
   "n": 468,
   "n_speakers": 228,
   "balanced": 0.7359938008523828,
   "balanced_ci": [
    0.672640883751461,
    0.7966293585249349
   ],
   "standard": 0.7734017822549399,
   "standard_ci": [
    0.7172221480103085,
    0.8285715091570159
   ],
   "diff_bal_minus_std": -0.03740798140255719,
   "diff_ci": [
    -0.0760464098769224,
    -0.0011995000292447306
   ],
   "usable_draws": 2000,
   "usable_diff_draws": 2000,
   "balanced_multivariant": 0.7380860131731887,
   "balanced_multivariant_ci": [
    0.6764872720706554,
    0.7971229098385239
   ]
  },
  "conflict": {
   "n": 146,
   "n_speakers": 100,
   "balanced": 0.48096809680968095,
   "balanced_ci": [
    0.37745388744167385,
    0.5990624581827914
   ],
   "standard": 0.448954895489549,
   "standard_ci": [
    0.33846219811716916,
    0.5682059270516717
   ],
   "diff_bal_minus_std": 0.03201320132013197,
   "diff_ci": [
    -0.05644402403974187,
    0.12106097655643527
   ],
   "usable_draws": 2000,
   "usable_diff_draws": 2000,
   "balanced_multivariant": 0.48250825082508253,
   "balanced_multivariant_ci": [
    0.3765507132639707,
    0.5990234205384282
   ]
  },
  "agreement": {
   "n": 322,
   "n_speakers": 175,
   "balanced": 0.8379082627202928,
   "balanced_ci": [
    0.7847118794943627,
    0.8893770458136312
   ],
   "standard": 0.8966861598440545,
   "standard_ci": [
    0.8591671700234118,
    0.9321591602128683
   ],
   "diff_bal_minus_std": -0.05877789712376169,
   "diff_ci": [
    -0.10155001495782094,
    -0.020384024461474727
   ],
   "usable_draws": 2000,
   "usable_diff_draws": 2000,
   "balanced_multivariant": 0.8405139833711263,
   "balanced_multivariant_ci": [
    0.7897043637308983,
    0.8909412623580597
   ]
  }
 },
 "gap": {
  "balanced_gap": -0.3569401659106119,
  "balanced_gap_ci": [
   -0.4633489438803319,
   -0.23799557150229772
  ],
  "standard_gap": -0.44773126435450555,
  "standard_gap_ci": [
   -0.5557741669166465,
   -0.3350636849805511
  ],
  "gap_change": 0.09079109844389366,
  "gap_change_ci": [
   -0.004100612457275266,
   0.18846692861069056
  ]
 }
}
