{
 "results": {
  "all": {
   "n": 468,
   "n_speakers": 228,
   "balanced": 0.7300561797752809,
   "balanced_ci": [
    0.6655924920305667,
    0.790524456811967
   ],
   "standard": 0.7720069740410693,
   "standard_ci": [
    0.7165576488792208,
    0.8279997186273864
   ],
   "diff_bal_minus_std": -0.041950794265788405,
   "diff_ci": [
    -0.08026500459438295,
    -0.0027709572085614672
   ],
   "usable_draws": 2000,
   "usable_diff_draws": 2000,
   "balanced_multivariant": 0.7407012785741961,
   "balanced_multivariant_ci": [
    0.6761440329138664,
    0.799398276026915
   ]
  },
  "conflict": {
   "n": 146,
   "n_speakers": 100,
   "balanced": 0.4693069306930693,
   "balanced_ci": [
    0.36859289888724367,
    0.5854160116554863
   ],
   "standard": 0.46974697469746973,
   "standard_ci": [
    0.36127435322940504,
    0.5905700089789964
   ],
   "diff_bal_minus_std": -0.00044004400440045277,
   "diff_ci": [
    -0.07418296848315475,
    0.07570110811929091
   ],
   "usable_draws": 2000,
   "usable_diff_draws": 2000,
   "balanced_multivariant": 0.4671067106710671,
   "balanced_multivariant_ci": [
    0.36407284265176015,
    0.5817801006581493
   ]
  },
  "agreement": {
   "n": 322,
   "n_speakers": 175,
   "balanced": 0.8279428730556551,
   "balanced_ci": [
    0.7731564111444624,
    0.8792242163491342
   ],
   "standard": 0.8894856188089271,
   "standard_ci": [
    0.8455983547293615,
    0.9285808193884425
   ],
   "diff_bal_minus_std": -0.06154274575327201,
   "diff_ci": [
    -0.10048687102520501,
    -0.023389206521739134
   ],
   "usable_draws": 2000,
   "usable_diff_draws": 2000,
   "balanced_multivariant": 0.8432987229979712,
   "balanced_multivariant_ci": [
    0.7925142837726933,
    0.8924371850820444
   ]
  }
 },
 "gap": {
  "balanced_gap": -0.3586359423625858,
  "balanced_gap_ci": [
   -0.4670781713494607,
   -0.24609107639792385
  ],
  "standard_gap": -0.41973864411145734,
  "standard_gap_ci": [
   -0.5321331450322524,
   -0.29476903392451187
  ],
  "gap_change": 0.06110270174887156,
  "gap_change_ci": [
   -0.018115433880024193,
   0.14334360230760082
  ]
 }
}
