{
 "results": {
  "all": {
   "n": 468,
   "n_speakers": 228,
   "balanced": 0.7300561797752809,
   "balanced_ci": [
    0.6655924920305667,
    0.790524456811967
   ],
   "standard": 0.7672801239829523,
   "standard_ci": [
    0.7086163432415024,
    0.8231036112107747
   ],
   "diff_bal_minus_std": -0.03722394420767139,
   "diff_ci": [
    -0.07200448976311051,
    -0.0017885395893375627
   ],
   "usable_draws": 2000,
   "usable_diff_draws": 2000,
   "balanced_multivariant": 0.7407012785741961,
   "balanced_multivariant_ci": [
    0.6761440329138664,
    0.799398276026915
   ]
  },
  "conflict": {
   "n": 146,
   "n_speakers": 100,
   "balanced": 0.4693069306930693,
   "balanced_ci": [
    0.36859289888724367,
    0.5854160116554863
   ],
   "standard": 0.5189218921892189,
   "standard_ci": [
    0.41506175011633817,
    0.6300319602272727
   ],
   "diff_bal_minus_std": -0.049614961496149634,
   "diff_ci": [
    -0.14029014240722104,
    0.034375208127668685
   ],
   "usable_draws": 2000,
   "usable_diff_draws": 2000,
   "balanced_multivariant": 0.4671067106710671,
   "balanced_multivariant_ci": [
    0.36407284265176015,
    0.5817801006581493
   ]
  },
  "agreement": {
   "n": 322,
   "n_speakers": 175,
   "balanced": 0.8279428730556551,
   "balanced_ci": [
    0.7731564111444624,
    0.8792242163491342
   ],
   "standard": 0.8593109758523292,
   "standard_ci": [
    0.8062665114307612,
    0.9069469899808266
   ],
   "diff_bal_minus_std": -0.031368102796674124,
   "diff_ci": [
    -0.06590855416508368,
    0.0022530334921921575
   ],
   "usable_draws": 2000,
   "usable_diff_draws": 2000,
   "balanced_multivariant": 0.8432987229979712,
   "balanced_multivariant_ci": [
    0.7925142837726933,
    0.8924371850820444
   ]
  }
 },
 "gap": {
  "balanced_gap": -0.3586359423625858,
  "balanced_gap_ci": [
   -0.4670781713494607,
   -0.24609107639792385
  ],
  "standard_gap": -0.34038908366311027,
  "standard_gap_ci": [
   -0.4467939190869156,
   -0.22623267859903493
  ],
  "gap_change": -0.01824685869947551,
  "gap_change_ci": [
   -0.11158509995633131,
   0.07563623808109103
  ]
 }
}
