{
 "results": {
  "all": {
   "n": 468,
   "n_speakers": 228,
   "balanced": 0.7359938008523828,
   "balanced_ci": [
    0.672640883751461,
    0.7966293585249349
   ],
   "standard": 0.7672801239829523,
   "standard_ci": [
    0.7086163432415024,
    0.8231036112107747
   ],
   "diff_bal_minus_std": -0.03128632313056956,
   "diff_ci": [
    -0.07477305871727538,
    0.01043540778166295
   ],
   "usable_draws": 2000,
   "usable_diff_draws": 2000,
   "balanced_multivariant": 0.7380860131731887,
   "balanced_multivariant_ci": [
    0.6764872720706554,
    0.7971229098385239
   ]
  },
  "conflict": {
   "n": 146,
   "n_speakers": 100,
   "balanced": 0.48096809680968095,
   "balanced_ci": [
    0.37745388744167385,
    0.5990624581827914
   ],
   "standard": 0.5189218921892189,
   "standard_ci": [
    0.41506175011633817,
    0.6300319602272727
   ],
   "diff_bal_minus_std": -0.03795379537953797,
   "diff_ci": [
    -0.15616690066479466,
    0.06664153823244731
   ],
   "usable_draws": 2000,
   "usable_diff_draws": 2000,
   "balanced_multivariant": 0.48250825082508253,
   "balanced_multivariant_ci": [
    0.3765507132639707,
    0.5990234205384282
   ]
  },
  "agreement": {
   "n": 322,
   "n_speakers": 175,
   "balanced": 0.8379082627202928,
   "balanced_ci": [
    0.7847118794943627,
    0.8893770458136312
   ],
   "standard": 0.8593109758523292,
   "standard_ci": [
    0.8062665114307612,
    0.9069469899808266
   ],
   "diff_bal_minus_std": -0.021402713132036344,
   "diff_ci": [
    -0.06149494701168966,
    0.020879179621836812
   ],
   "usable_draws": 2000,
   "usable_diff_draws": 2000,
   "balanced_multivariant": 0.8405139833711263,
   "balanced_multivariant_ci": [
    0.7897043637308983,
    0.8909412623580597
   ]
  }
 },
 "gap": {
  "balanced_gap": -0.3569401659106119,
  "balanced_gap_ci": [
   -0.4633489438803319,
   -0.23799557150229772
  ],
  "standard_gap": -0.34038908366311027,
  "standard_gap_ci": [
   -0.4467939190869156,
   -0.22623267859903493
  ],
  "gap_change": -0.016551082247501625,
  "gap_change_ci": [
   -0.13128341571740584,
   0.10093440061482734
  ]
 }
}
