loaded /workspace/out/q3o_pcgita_states.npz stream=ans n=1100 pos=550 n_spk=100 njobs=248
per-layer: 49 stages x 5 repeats, parallel over layers
per-layer fits done 69s
per-layer bootstrap done 72s
  ans stage  0 auc_mean 0.5000 [0.5000,0.5000] per_repeat [0.5, 0.5, 0.5, 0.5, 0.5]
  ans stage  1 auc_mean 0.8763 [0.8105,0.9288] per_repeat [0.8781, 0.8685, 0.8593, 0.8772, 0.8985]
  ans stage  2 auc_mean 0.8794 [0.8118,0.9311] per_repeat [0.8902, 0.8621, 0.877, 0.8711, 0.897]
  ans stage  3 auc_mean 0.8901 [0.8235,0.9399] per_repeat [0.897, 0.8861, 0.8826, 0.8747, 0.9101]
  ans stage  4 auc_mean 0.8925 [0.8250,0.9425] per_repeat [0.9002, 0.8879, 0.8869, 0.8801, 0.907]
  ans stage  5 auc_mean 0.8920 [0.8241,0.9427] per_repeat [0.8987, 0.8917, 0.8836, 0.8793, 0.9065]
  ans stage  6 auc_mean 0.8894 [0.8217,0.9397] per_repeat [0.8966, 0.8912, 0.8826, 0.8733, 0.9034]
  ans stage  7 auc_mean 0.8872 [0.8195,0.9393] per_repeat [0.8973, 0.8875, 0.8774, 0.8722, 0.9017]
  ans stage  8 auc_mean 0.8846 [0.8175,0.9373] per_repeat [0.8953, 0.8909, 0.8721, 0.8657, 0.8988]
  ans stage  9 auc_mean 0.8841 [0.8169,0.9373] per_repeat [0.8957, 0.8875, 0.8716, 0.8674, 0.8985]
  ans stage 10 auc_mean 0.8884 [0.8245,0.9392] per_repeat [0.8992, 0.8852, 0.8783, 0.8756, 0.9034]
  ans stage 11 auc_mean 0.8889 [0.8237,0.9395] per_repeat [0.9004, 0.886, 0.8783, 0.8775, 0.9021]
  ans stage 12 auc_mean 0.8889 [0.8242,0.9388] per_repeat [0.9005, 0.8863, 0.8789, 0.8759, 0.9027]
  ans stage 13 auc_mean 0.8924 [0.8285,0.9421] per_repeat [0.9046, 0.8906, 0.8831, 0.8791, 0.9043]
  ans stage 14 auc_mean 0.8902 [0.8257,0.9412] per_repeat [0.9018, 0.8866, 0.8812, 0.8784, 0.903]
  ans stage 15 auc_mean 0.8962 [0.8327,0.9452] per_repeat [0.908, 0.8902, 0.8885, 0.8869, 0.9075]
  ans stage 16 auc_mean 0.8938 [0.8296,0.9437] per_repeat [0.9077, 0.8857, 0.8865, 0.8839, 0.9055]
  ans stage 17 auc_mean 0.8925 [0.8296,0.9421] per_repeat [0.9085, 0.8844, 0.8846, 0.8801, 0.9052]
  ans stage 18 auc_mean 0.8949 [0.8330,0.9438] per_repeat [0.9092, 0.8903, 0.8867, 0.8849, 0.9034]
  ans stage 19 auc_mean 0.8960 [0.8341,0.9450] per_repeat [0.9103, 0.8938, 0.8858, 0.8855, 0.9045]
  ans stage 20 auc_mean 0.8926 [0.8307,0.9426] per_repeat [0.9094, 0.8917, 0.8831, 0.879, 0.9]
  ans stage 21 auc_mean 0.8916 [0.8294,0.9411] per_repeat [0.9079, 0.8889, 0.8816, 0.8804, 0.8991]
  ans stage 22 auc_mean 0.8878 [0.8256,0.9393] per_repeat [0.9032, 0.8854, 0.8775, 0.8769, 0.896]
  ans stage 23 auc_mean 0.8842 [0.8215,0.9353] per_repeat [0.9021, 0.8831, 0.8731, 0.8711, 0.8915]
  ans stage 24 auc_mean 0.8831 [0.8193,0.9335] per_repeat [0.9002, 0.8813, 0.8727, 0.8726, 0.8888]
  ans stage 25 auc_mean 0.8872 [0.8249,0.9363] per_repeat [0.9035, 0.8855, 0.8775, 0.8778, 0.8918]
  ans stage 26 auc_mean 0.8872 [0.8249,0.9363] per_repeat [0.9029, 0.8871, 0.8774, 0.8769, 0.8917]
  ans stage 27 auc_mean 0.8942 [0.8324,0.9422] per_repeat [0.9065, 0.8857, 0.8916, 0.8866, 0.9004]
  ans stage 28 auc_mean 0.8892 [0.8271,0.9399] per_repeat [0.8979, 0.8824, 0.8874, 0.8826, 0.8958]
  ans stage 29 auc_mean 0.8868 [0.8258,0.9377] per_repeat [0.8914, 0.8785, 0.8854, 0.8835, 0.8949]
  ans stage 30 auc_mean 0.8873 [0.8264,0.9378] per_repeat [0.8921, 0.8816, 0.8851, 0.8814, 0.8962]
  ans stage 31 auc_mean 0.8901 [0.8294,0.9391] per_repeat [0.8957, 0.8843, 0.8902, 0.8806, 0.8996]
  ans stage 32 auc_mean 0.8857 [0.8242,0.9363] per_repeat [0.8921, 0.8798, 0.8848, 0.8778, 0.8943]
  ans stage 33 auc_mean 0.8891 [0.8271,0.9390] per_repeat [0.8956, 0.8832, 0.8888, 0.8785, 0.8993]
  ans stage 34 auc_mean 0.8848 [0.8239,0.9348] per_repeat [0.8892, 0.8779, 0.8844, 0.8757, 0.897]
  ans stage 35 auc_mean 0.8839 [0.8231,0.9332] per_repeat [0.8869, 0.877, 0.8864, 0.8731, 0.8962]
  ans stage 36 auc_mean 0.8780 [0.8177,0.9283] per_repeat [0.8814, 0.8713, 0.8791, 0.8667, 0.8916]
  ans stage 37 auc_mean 0.8813 [0.8217,0.9306] per_repeat [0.8839, 0.88, 0.8782, 0.8721, 0.8922]
  ans stage 38 auc_mean 0.8868 [0.8278,0.9347] per_repeat [0.8878, 0.884, 0.8828, 0.8811, 0.8984]
  ans stage 39 auc_mean 0.8872 [0.8284,0.9344] per_repeat [0.8827, 0.8873, 0.8914, 0.8792, 0.8953]
  ans stage 40 auc_mean 0.8814 [0.8206,0.9311] per_repeat [0.8769, 0.8813, 0.885, 0.8749, 0.8887]
  ans stage 41 auc_mean 0.8792 [0.8154,0.9306] per_repeat [0.879, 0.8758, 0.881, 0.8704, 0.8899]
  ans stage 42 auc_mean 0.8768 [0.8127,0.9289] per_repeat [0.8747, 0.8724, 0.8807, 0.8673, 0.8888]
  ans stage 43 auc_mean 0.8771 [0.8126,0.9296] per_repeat [0.8727, 0.8761, 0.8781, 0.8673, 0.8913]
  ans stage 44 auc_mean 0.8771 [0.8130,0.9287] per_repeat [0.8738, 0.8753, 0.8779, 0.8685, 0.8898]
  ans stage 45 auc_mean 0.8733 [0.8083,0.9261] per_repeat [0.8698, 0.8723, 0.8748, 0.8612, 0.8882]
  ans stage 46 auc_mean 0.8729 [0.8096,0.9261] per_repeat [0.8693, 0.8727, 0.8695, 0.8638, 0.889]
  ans stage 47 auc_mean 0.8655 [0.7995,0.9206] per_repeat [0.8648, 0.8646, 0.8646, 0.8543, 0.8793]
  ans stage 48 auc_mean 0.8518 [0.7841,0.9106] per_repeat [0.8515, 0.8546, 0.8553, 0.8354, 0.8623]
  nested repeat 0 auc 0.9010 chosen [27, 19, 15, 5, 18]  136s
  nested repeat 1 auc 0.8801 chosen [19, 2, 20, 5, 27]  163s
  nested repeat 2 auc 0.8671 chosen [18, 39, 39, 5, 18]  202s
  nested repeat 3 auc 0.8723 chosen [15, 10, 18, 10, 27]  227s
  nested repeat 4 auc 0.8864 chosen [3, 15, 44, 17, 27]  256s
  >>> ans: NESTED 0.8814 [0.8171,0.9330] | BEST STAGE 15 (thinker_layer_15) 0.8962 [0.8327,0.9452]
DONE 257s
