==============================================================================================================
PART A  zero-shot answer AUCs, recomputed from the per-clip csv
==============================================================================================================
OK   3a_pitt_zeroshot_pod             claimed   0.7673   mine   0.7673  myCI [0.7101,0.8198]
OK   3a_pitt_zeroshot_shipped         claimed   0.7619   mine   0.7619  myCI [0.7054,0.8130]
OK   3a_pcgita_zeroshot_pod           claimed   0.6015   mine   0.6015  myCI [0.5304,0.6674]
OK   3a_pcgita_zeroshot_shipped       claimed   0.5967   mine   0.5967  myCI [0.5240,0.6619]

==============================================================================================================
PART B  attention-kernel test and determinism reruns
==============================================================================================================
OK   3a_attn_sdpa                     claimed   0.7673   mine   0.7673
OK   3a_attn_eager                    claimed   0.7679   mine   0.7679
OK   3a_pitt_rescore_runA             claimed   0.7673   mine   0.7673
OK   3a_pitt_rescore_runB             claimed   0.7673   mine   0.7673

==============================================================================================================
PART C  nested probe AUCs, recomputed from the per-clip out-of-fold csv
==============================================================================================================
OK   3a_pitt_enc_nested               claimed   0.8122   mine   0.8122  claimCI [0.7613,0.8625]  myCI [0.7613,0.8625]
OK   3a_pitt_proj_nested              claimed   0.7820   mine   0.7820  claimCI [0.7228,0.8368]  myCI [0.7228,0.8368]
OK   3a_pitt_llm_nested               claimed   0.8445   mine   0.8445  claimCI [0.8003,0.8878]  myCI [0.8003,0.8878]
OK   3a_pitt_ans_nested               claimed   0.8237   mine   0.8237  claimCI [0.7827,0.8641]  myCI [0.7827,0.8641]
OK   3a_pcgita_enc_nested             claimed   0.8969   mine   0.8969  claimCI [0.8322,0.9454]  myCI [0.8322,0.9454]
DIFF 3a_pcgita_proj_nested            claimed   0.8872   mine   0.8873  claimCI [0.8156,0.9431]  myCI [0.8159,0.9431]
OK   3a_pcgita_llm_nested             claimed   0.8772   mine   0.8772  claimCI [0.8117,0.9309]  myCI [0.8118,0.9309]
OK   3a_pcgita_ans_nested             claimed   0.8814   mine   0.8814  claimCI [0.8171,0.9330]  myCI [0.8171,0.9330]

==============================================================================================================
PART D  ties / precision audit on the PC-GITA projector file
==============================================================================================================
clips 1100  saturated at exactly 1.0: 99  tied pos-neg pairs: 329  max stored decimals: 8
AUC pairwise 0.887284   AUC trapezoid 0.887284

==============================================================================================================
PART E  arm composition, recomputed from clip names in the per-clip csv
==============================================================================================================
conflict   mine n= 146 spk= 100 pos= 101   claimed n=146 spk=100 pos=101   MATCH
agreement  mine n= 322 spk= 175 pos= 189   claimed n=322 spk=175 pos=189   MATCH
all        mine n= 468 spk= 228 pos= 290   claimed n=468 spk=228 pos=290   MATCH

POINT ESTIMATES: 15/16 agree to 4 dp
loading <local data dir>/paper1_local_runs/part16_POD3_states/q3o_pitt_states.npz
ans (468, 49, 2048) float32 n 468
arm counts {np.str_('agreement'): 322, np.str_('conflict'): 146}
states vs zeroshot csv: labels match 468/468, max |dp_yes| 0.00e+00
<local data dir>/Library/Python/3.10/lib/python/site-packages/sklearn/linear_model/_linear_loss.py:200: RuntimeWarning: divide by zero encountered in matmul
  raw_prediction = X @ weights + intercept
<local data dir>/Library/Python/3.10/lib/python/site-packages/sklearn/linear_model/_linear_loss.py:200: RuntimeWarning: overflow encountered in matmul
  raw_prediction = X @ weights + intercept
<local data dir>/Library/Python/3.10/lib/python/site-packages/sklearn/linear_model/_linear_loss.py:200: RuntimeWarning: invalid value encountered in matmul
  raw_prediction = X @ weights + intercept
<local data dir>/Library/Python/3.10/lib/python/site-packages/sklearn/linear_model/_linear_loss.py:209: RuntimeWarning: divide by zero encountered in matmul
  norm2_w = weights @ weights if weights.ndim == 1 else squared_norm(weights)
<local data dir>/Library/Python/3.10/lib/python/site-packages/sklearn/linear_model/_linear_loss.py:209: RuntimeWarning: overflow encountered in matmul
  norm2_w = weights @ weights if weights.ndim == 1 else squared_norm(weights)
<local data dir>/Library/Python/3.10/lib/python/site-packages/sklearn/linear_model/_linear_loss.py:209: RuntimeWarning: invalid value encountered in matmul
  norm2_w = weights @ weights if weights.ndim == 1 else squared_norm(weights)
<local data dir>/Library/Python/3.10/lib/python/site-packages/sklearn/linear_model/_linear_loss.py:330: RuntimeWarning: divide by zero encountered in matmul
  grad[:n_features] = X.T @ grad_pointwise + l2_reg_strength * weights
<local data dir>/Library/Python/3.10/lib/python/site-packages/sklearn/linear_model/_linear_loss.py:330: RuntimeWarning: overflow encountered in matmul
  grad[:n_features] = X.T @ grad_pointwise + l2_reg_strength * weights
<local data dir>/Library/Python/3.10/lib/python/site-packages/sklearn/linear_model/_linear_loss.py:330: RuntimeWarning: invalid value encountered in matmul
  grad[:n_features] = X.T @ grad_pointwise + l2_reg_strength * weights
<local data dir>/Library/Python/3.10/lib/python/site-packages/sklearn/utils/extmath.py:203: RuntimeWarning: divide by zero encountered in matmul
  ret = a @ b
<local data dir>/Library/Python/3.10/lib/python/site-packages/sklearn/utils/extmath.py:203: RuntimeWarning: overflow encountered in matmul
  ret = a @ b
<local data dir>/Library/Python/3.10/lib/python/site-packages/sklearn/utils/extmath.py:203: RuntimeWarning: invalid value encountered in matmul
  ret = a @ b
<local data dir>/Library/Python/3.10/lib/python/site-packages/sklearn/linear_model/_linear_loss.py:200: RuntimeWarning: divide by zero encountered in matmul
  raw_prediction = X @ weights + intercept
<local data dir>/Library/Python/3.10/lib/python/site-packages/sklearn/linear_model/_linear_loss.py:200: RuntimeWarning: overflow encountered in matmul
  raw_prediction = X @ weights + intercept
<local data dir>/Library/Python/3.10/lib/python/site-packages/sklearn/linear_model/_linear_loss.py:200: RuntimeWarning: invalid value encountered in matmul
  raw_prediction = X @ weights + intercept
<local data dir>/Library/Python/3.10/lib/python/site-packages/sklearn/linear_model/_linear_loss.py:209: RuntimeWarning: divide by zero encountered in matmul
  norm2_w = weights @ weights if weights.ndim == 1 else squared_norm(weights)
<local data dir>/Library/Python/3.10/lib/python/site-packages/sklearn/linear_model/_linear_loss.py:209: RuntimeWarning: overflow encountered in matmul
  norm2_w = weights @ weights if weights.ndim == 1 else squared_norm(weights)
<local data dir>/Library/Python/3.10/lib/python/site-packages/sklearn/linear_model/_linear_loss.py:209: RuntimeWarning: invalid value encountered in matmul
  norm2_w = weights @ weights if weights.ndim == 1 else squared_norm(weights)
<local data dir>/Library/Python/3.10/lib/python/site-packages/sklearn/linear_model/_linear_loss.py:330: RuntimeWarning: divide by zero encountered in matmul
  grad[:n_features] = X.T @ grad_pointwise + l2_reg_strength * weights
<local data dir>/Library/Python/3.10/lib/python/site-packages/sklearn/linear_model/_linear_loss.py:330: RuntimeWarning: overflow encountered in matmul
  grad[:n_features] = X.T @ grad_pointwise + l2_reg_strength * weights
<local data dir>/Library/Python/3.10/lib/python/site-packages/sklearn/linear_model/_linear_loss.py:330: RuntimeWarning: invalid value encountered in matmul
  grad[:n_features] = X.T @ grad_pointwise + l2_reg_strength * weights
<local data dir>/Library/Python/3.10/lib/python/site-packages/sklearn/utils/extmath.py:203: RuntimeWarning: divide by zero encountered in matmul
  ret = a @ b
<local data dir>/Library/Python/3.10/lib/python/site-packages/sklearn/utils/extmath.py:203: RuntimeWarning: overflow encountered in matmul
  ret = a @ b
<local data dir>/Library/Python/3.10/lib/python/site-packages/sklearn/utils/extmath.py:203: RuntimeWarning: invalid value encountered in matmul
  ret = a @ b
<local data dir>/Library/Python/3.10/lib/python/site-packages/sklearn/linear_model/_linear_loss.py:200: RuntimeWarning: divide by zero encountered in matmul
  raw_prediction = X @ weights + intercept
<local data dir>/Library/Python/3.10/lib/python/site-packages/sklearn/linear_model/_linear_loss.py:200: RuntimeWarning: overflow encountered in matmul
  raw_prediction = X @ weights + intercept
<local data dir>/Library/Python/3.10/lib/python/site-packages/sklearn/linear_model/_linear_loss.py:200: RuntimeWarning: invalid value encountered in matmul
  raw_prediction = X @ weights + intercept
<local data dir>/Library/Python/3.10/lib/python/site-packages/sklearn/linear_model/_linear_loss.py:209: RuntimeWarning: divide by zero encountered in matmul
  norm2_w = weights @ weights if weights.ndim == 1 else squared_norm(weights)
<local data dir>/Library/Python/3.10/lib/python/site-packages/sklearn/linear_model/_linear_loss.py:209: RuntimeWarning: overflow encountered in matmul
  norm2_w = weights @ weights if weights.ndim == 1 else squared_norm(weights)
<local data dir>/Library/Python/3.10/lib/python/site-packages/sklearn/linear_model/_linear_loss.py:209: RuntimeWarning: invalid value encountered in matmul
  norm2_w = weights @ weights if weights.ndim == 1 else squared_norm(weights)
<local data dir>/Library/Python/3.10/lib/python/site-packages/sklearn/linear_model/_linear_loss.py:330: RuntimeWarning: divide by zero encountered in matmul
  grad[:n_features] = X.T @ grad_pointwise + l2_reg_strength * weights
<local data dir>/Library/Python/3.10/lib/python/site-packages/sklearn/linear_model/_linear_loss.py:330: RuntimeWarning: overflow encountered in matmul
  grad[:n_features] = X.T @ grad_pointwise + l2_reg_strength * weights
<local data dir>/Library/Python/3.10/lib/python/site-packages/sklearn/linear_model/_linear_loss.py:330: RuntimeWarning: invalid value encountered in matmul
  grad[:n_features] = X.T @ grad_pointwise + l2_reg_strength * weights
<local data dir>/Library/Python/3.10/lib/python/site-packages/sklearn/utils/extmath.py:203: RuntimeWarning: divide by zero encountered in matmul
  ret = a @ b
<local data dir>/Library/Python/3.10/lib/python/site-packages/sklearn/utils/extmath.py:203: RuntimeWarning: overflow encountered in matmul
  ret = a @ b
<local data dir>/Library/Python/3.10/lib/python/site-packages/sklearn/utils/extmath.py:203: RuntimeWarning: invalid value encountered in matmul
  ret = a @ b
<local data dir>/Library/Python/3.10/lib/python/site-packages/sklearn/linear_model/_linear_loss.py:200: RuntimeWarning: divide by zero encountered in matmul
  raw_prediction = X @ weights + intercept
<local data dir>/Library/Python/3.10/lib/python/site-packages/sklearn/linear_model/_linear_loss.py:200: RuntimeWarning: overflow encountered in matmul
  raw_prediction = X @ weights + intercept
<local data dir>/Library/Python/3.10/lib/python/site-packages/sklearn/linear_model/_linear_loss.py:200: RuntimeWarning: invalid value encountered in matmul
  raw_prediction = X @ weights + intercept
<local data dir>/Library/Python/3.10/lib/python/site-packages/sklearn/linear_model/_linear_loss.py:209: RuntimeWarning: divide by zero encountered in matmul
  norm2_w = weights @ weights if weights.ndim == 1 else squared_norm(weights)
<local data dir>/Library/Python/3.10/lib/python/site-packages/sklearn/linear_model/_linear_loss.py:209: RuntimeWarning: overflow encountered in matmul
  norm2_w = weights @ weights if weights.ndim == 1 else squared_norm(weights)
<local data dir>/Library/Python/3.10/lib/python/site-packages/sklearn/linear_model/_linear_loss.py:209: RuntimeWarning: invalid value encountered in matmul
  norm2_w = weights @ weights if weights.ndim == 1 else squared_norm(weights)
<local data dir>/Library/Python/3.10/lib/python/site-packages/sklearn/linear_model/_linear_loss.py:330: RuntimeWarning: divide by zero encountered in matmul
  grad[:n_features] = X.T @ grad_pointwise + l2_reg_strength * weights
<local data dir>/Library/Python/3.10/lib/python/site-packages/sklearn/linear_model/_linear_loss.py:330: RuntimeWarning: overflow encountered in matmul
  grad[:n_features] = X.T @ grad_pointwise + l2_reg_strength * weights
<local data dir>/Library/Python/3.10/lib/python/site-packages/sklearn/linear_model/_linear_loss.py:330: RuntimeWarning: invalid value encountered in matmul
  grad[:n_features] = X.T @ grad_pointwise + l2_reg_strength * weights
<local data dir>/Library/Python/3.10/lib/python/site-packages/sklearn/utils/extmath.py:203: RuntimeWarning: divide by zero encountered in matmul
  ret = a @ b
<local data dir>/Library/Python/3.10/lib/python/site-packages/sklearn/utils/extmath.py:203: RuntimeWarning: overflow encountered in matmul
  ret = a @ b
<local data dir>/Library/Python/3.10/lib/python/site-packages/sklearn/utils/extmath.py:203: RuntimeWarning: invalid value encountered in matmul
  ret = a @ b
<local data dir>/Library/Python/3.10/lib/python/site-packages/sklearn/linear_model/_linear_loss.py:200: RuntimeWarning: divide by zero encountered in matmul
  raw_prediction = X @ weights + intercept
<local data dir>/Library/Python/3.10/lib/python/site-packages/sklearn/linear_model/_linear_loss.py:200: RuntimeWarning: overflow encountered in matmul
  raw_prediction = X @ weights + intercept
<local data dir>/Library/Python/3.10/lib/python/site-packages/sklearn/linear_model/_linear_loss.py:200: RuntimeWarning: invalid value encountered in matmul
  raw_prediction = X @ weights + intercept
<local data dir>/Library/Python/3.10/lib/python/site-packages/sklearn/linear_model/_linear_loss.py:209: RuntimeWarning: divide by zero encountered in matmul
  norm2_w = weights @ weights if weights.ndim == 1 else squared_norm(weights)
<local data dir>/Library/Python/3.10/lib/python/site-packages/sklearn/linear_model/_linear_loss.py:209: RuntimeWarning: overflow encountered in matmul
  norm2_w = weights @ weights if weights.ndim == 1 else squared_norm(weights)
<local data dir>/Library/Python/3.10/lib/python/site-packages/sklearn/linear_model/_linear_loss.py:209: RuntimeWarning: invalid value encountered in matmul
  norm2_w = weights @ weights if weights.ndim == 1 else squared_norm(weights)
<local data dir>/Library/Python/3.10/lib/python/site-packages/sklearn/linear_model/_linear_loss.py:330: RuntimeWarning: divide by zero encountered in matmul
  grad[:n_features] = X.T @ grad_pointwise + l2_reg_strength * weights
<local data dir>/Library/Python/3.10/lib/python/site-packages/sklearn/linear_model/_linear_loss.py:330: RuntimeWarning: overflow encountered in matmul
  grad[:n_features] = X.T @ grad_pointwise + l2_reg_strength * weights
<local data dir>/Library/Python/3.10/lib/python/site-packages/sklearn/linear_model/_linear_loss.py:330: RuntimeWarning: invalid value encountered in matmul
  grad[:n_features] = X.T @ grad_pointwise + l2_reg_strength * weights
<local data dir>/Library/Python/3.10/lib/python/site-packages/sklearn/utils/extmath.py:203: RuntimeWarning: divide by zero encountered in matmul
  ret = a @ b
<local data dir>/Library/Python/3.10/lib/python/site-packages/sklearn/utils/extmath.py:203: RuntimeWarning: overflow encountered in matmul
  ret = a @ b
<local data dir>/Library/Python/3.10/lib/python/site-packages/sklearn/utils/extmath.py:203: RuntimeWarning: invalid value encountered in matmul
  ret = a @ b
DIFF 3b_all_auc_probe                 claimed   0.8307   mine   0.7864  claimCI [0.7833,0.8741]  myCI [0.7335,0.8359]
<local data dir>/Library/Python/3.10/lib/python/site-packages/sklearn/linear_model/_linear_loss.py:200: RuntimeWarning: divide by zero encountered in matmul
  raw_prediction = X @ weights + intercept
<local data dir>/Library/Python/3.10/lib/python/site-packages/sklearn/linear_model/_linear_loss.py:200: RuntimeWarning: overflow encountered in matmul
  raw_prediction = X @ weights + intercept
<local data dir>/Library/Python/3.10/lib/python/site-packages/sklearn/linear_model/_linear_loss.py:200: RuntimeWarning: invalid value encountered in matmul
  raw_prediction = X @ weights + intercept
<local data dir>/Library/Python/3.10/lib/python/site-packages/sklearn/linear_model/_linear_loss.py:209: RuntimeWarning: divide by zero encountered in matmul
  norm2_w = weights @ weights if weights.ndim == 1 else squared_norm(weights)
<local data dir>/Library/Python/3.10/lib/python/site-packages/sklearn/linear_model/_linear_loss.py:209: RuntimeWarning: overflow encountered in matmul
  norm2_w = weights @ weights if weights.ndim == 1 else squared_norm(weights)
<local data dir>/Library/Python/3.10/lib/python/site-packages/sklearn/linear_model/_linear_loss.py:209: RuntimeWarning: invalid value encountered in matmul
  norm2_w = weights @ weights if weights.ndim == 1 else squared_norm(weights)
<local data dir>/Library/Python/3.10/lib/python/site-packages/sklearn/linear_model/_linear_loss.py:330: RuntimeWarning: divide by zero encountered in matmul
  grad[:n_features] = X.T @ grad_pointwise + l2_reg_strength * weights
<local data dir>/Library/Python/3.10/lib/python/site-packages/sklearn/linear_model/_linear_loss.py:330: RuntimeWarning: overflow encountered in matmul
  grad[:n_features] = X.T @ grad_pointwise + l2_reg_strength * weights
<local data dir>/Library/Python/3.10/lib/python/site-packages/sklearn/linear_model/_linear_loss.py:330: RuntimeWarning: invalid value encountered in matmul
  grad[:n_features] = X.T @ grad_pointwise + l2_reg_strength * weights
<local data dir>/Library/Python/3.10/lib/python/site-packages/sklearn/utils/extmath.py:203: RuntimeWarning: divide by zero encountered in matmul
  ret = a @ b
<local data dir>/Library/Python/3.10/lib/python/site-packages/sklearn/utils/extmath.py:203: RuntimeWarning: overflow encountered in matmul
  ret = a @ b
<local data dir>/Library/Python/3.10/lib/python/site-packages/sklearn/utils/extmath.py:203: RuntimeWarning: invalid value encountered in matmul
  ret = a @ b
<local data dir>/Library/Python/3.10/lib/python/site-packages/sklearn/linear_model/_linear_loss.py:200: RuntimeWarning: divide by zero encountered in matmul
  raw_prediction = X @ weights + intercept
<local data dir>/Library/Python/3.10/lib/python/site-packages/sklearn/linear_model/_linear_loss.py:200: RuntimeWarning: overflow encountered in matmul
  raw_prediction = X @ weights + intercept
<local data dir>/Library/Python/3.10/lib/python/site-packages/sklearn/linear_model/_linear_loss.py:200: RuntimeWarning: invalid value encountered in matmul
  raw_prediction = X @ weights + intercept
<local data dir>/Library/Python/3.10/lib/python/site-packages/sklearn/linear_model/_linear_loss.py:209: RuntimeWarning: divide by zero encountered in matmul
  norm2_w = weights @ weights if weights.ndim == 1 else squared_norm(weights)
<local data dir>/Library/Python/3.10/lib/python/site-packages/sklearn/linear_model/_linear_loss.py:209: RuntimeWarning: overflow encountered in matmul
  norm2_w = weights @ weights if weights.ndim == 1 else squared_norm(weights)
<local data dir>/Library/Python/3.10/lib/python/site-packages/sklearn/linear_model/_linear_loss.py:209: RuntimeWarning: invalid value encountered in matmul
  norm2_w = weights @ weights if weights.ndim == 1 else squared_norm(weights)
<local data dir>/Library/Python/3.10/lib/python/site-packages/sklearn/linear_model/_linear_loss.py:330: RuntimeWarning: divide by zero encountered in matmul
  grad[:n_features] = X.T @ grad_pointwise + l2_reg_strength * weights
<local data dir>/Library/Python/3.10/lib/python/site-packages/sklearn/linear_model/_linear_loss.py:330: RuntimeWarning: overflow encountered in matmul
  grad[:n_features] = X.T @ grad_pointwise + l2_reg_strength * weights
<local data dir>/Library/Python/3.10/lib/python/site-packages/sklearn/linear_model/_linear_loss.py:330: RuntimeWarning: invalid value encountered in matmul
  grad[:n_features] = X.T @ grad_pointwise + l2_reg_strength * weights
<local data dir>/Library/Python/3.10/lib/python/site-packages/sklearn/utils/extmath.py:203: RuntimeWarning: divide by zero encountered in matmul
  ret = a @ b
<local data dir>/Library/Python/3.10/lib/python/site-packages/sklearn/utils/extmath.py:203: RuntimeWarning: overflow encountered in matmul
  ret = a @ b
<local data dir>/Library/Python/3.10/lib/python/site-packages/sklearn/utils/extmath.py:203: RuntimeWarning: invalid value encountered in matmul
  ret = a @ b
<local data dir>/Library/Python/3.10/lib/python/site-packages/sklearn/linear_model/_linear_loss.py:200: RuntimeWarning: divide by zero encountered in matmul
  raw_prediction = X @ weights + intercept
<local data dir>/Library/Python/3.10/lib/python/site-packages/sklearn/linear_model/_linear_loss.py:200: RuntimeWarning: overflow encountered in matmul
  raw_prediction = X @ weights + intercept
<local data dir>/Library/Python/3.10/lib/python/site-packages/sklearn/linear_model/_linear_loss.py:200: RuntimeWarning: invalid value encountered in matmul
  raw_prediction = X @ weights + intercept
<local data dir>/Library/Python/3.10/lib/python/site-packages/sklearn/linear_model/_linear_loss.py:209: RuntimeWarning: divide by zero encountered in matmul
  norm2_w = weights @ weights if weights.ndim == 1 else squared_norm(weights)
<local data dir>/Library/Python/3.10/lib/python/site-packages/sklearn/linear_model/_linear_loss.py:209: RuntimeWarning: overflow encountered in matmul
  norm2_w = weights @ weights if weights.ndim == 1 else squared_norm(weights)
<local data dir>/Library/Python/3.10/lib/python/site-packages/sklearn/linear_model/_linear_loss.py:209: RuntimeWarning: invalid value encountered in matmul
  norm2_w = weights @ weights if weights.ndim == 1 else squared_norm(weights)
<local data dir>/Library/Python/3.10/lib/python/site-packages/sklearn/linear_model/_linear_loss.py:330: RuntimeWarning: divide by zero encountered in matmul
  grad[:n_features] = X.T @ grad_pointwise + l2_reg_strength * weights
<local data dir>/Library/Python/3.10/lib/python/site-packages/sklearn/linear_model/_linear_loss.py:330: RuntimeWarning: overflow encountered in matmul
  grad[:n_features] = X.T @ grad_pointwise + l2_reg_strength * weights
<local data dir>/Library/Python/3.10/lib/python/site-packages/sklearn/linear_model/_linear_loss.py:330: RuntimeWarning: invalid value encountered in matmul
  grad[:n_features] = X.T @ grad_pointwise + l2_reg_strength * weights
<local data dir>/Library/Python/3.10/lib/python/site-packages/sklearn/utils/extmath.py:203: RuntimeWarning: divide by zero encountered in matmul
  ret = a @ b
<local data dir>/Library/Python/3.10/lib/python/site-packages/sklearn/utils/extmath.py:203: RuntimeWarning: overflow encountered in matmul
  ret = a @ b
<local data dir>/Library/Python/3.10/lib/python/site-packages/sklearn/utils/extmath.py:203: RuntimeWarning: invalid value encountered in matmul
  ret = a @ b
<local data dir>/Library/Python/3.10/lib/python/site-packages/sklearn/linear_model/_linear_loss.py:200: RuntimeWarning: divide by zero encountered in matmul
  raw_prediction = X @ weights + intercept
<local data dir>/Library/Python/3.10/lib/python/site-packages/sklearn/linear_model/_linear_loss.py:200: RuntimeWarning: overflow encountered in matmul
  raw_prediction = X @ weights + intercept
<local data dir>/Library/Python/3.10/lib/python/site-packages/sklearn/linear_model/_linear_loss.py:200: RuntimeWarning: invalid value encountered in matmul
  raw_prediction = X @ weights + intercept
<local data dir>/Library/Python/3.10/lib/python/site-packages/sklearn/linear_model/_linear_loss.py:209: RuntimeWarning: divide by zero encountered in matmul
  norm2_w = weights @ weights if weights.ndim == 1 else squared_norm(weights)
<local data dir>/Library/Python/3.10/lib/python/site-packages/sklearn/linear_model/_linear_loss.py:209: RuntimeWarning: overflow encountered in matmul
  norm2_w = weights @ weights if weights.ndim == 1 else squared_norm(weights)
<local data dir>/Library/Python/3.10/lib/python/site-packages/sklearn/linear_model/_linear_loss.py:209: RuntimeWarning: invalid value encountered in matmul
  norm2_w = weights @ weights if weights.ndim == 1 else squared_norm(weights)
<local data dir>/Library/Python/3.10/lib/python/site-packages/sklearn/linear_model/_linear_loss.py:330: RuntimeWarning: divide by zero encountered in matmul
  grad[:n_features] = X.T @ grad_pointwise + l2_reg_strength * weights
<local data dir>/Library/Python/3.10/lib/python/site-packages/sklearn/linear_model/_linear_loss.py:330: RuntimeWarning: overflow encountered in matmul
  grad[:n_features] = X.T @ grad_pointwise + l2_reg_strength * weights
<local data dir>/Library/Python/3.10/lib/python/site-packages/sklearn/linear_model/_linear_loss.py:330: RuntimeWarning: invalid value encountered in matmul
  grad[:n_features] = X.T @ grad_pointwise + l2_reg_strength * weights
<local data dir>/Library/Python/3.10/lib/python/site-packages/sklearn/utils/extmath.py:203: RuntimeWarning: divide by zero encountered in matmul
  ret = a @ b
<local data dir>/Library/Python/3.10/lib/python/site-packages/sklearn/utils/extmath.py:203: RuntimeWarning: overflow encountered in matmul
  ret = a @ b
<local data dir>/Library/Python/3.10/lib/python/site-packages/sklearn/utils/extmath.py:203: RuntimeWarning: invalid value encountered in matmul
  ret = a @ b
<local data dir>/Library/Python/3.10/lib/python/site-packages/sklearn/linear_model/_linear_loss.py:200: RuntimeWarning: divide by zero encountered in matmul
  raw_prediction = X @ weights + intercept
<local data dir>/Library/Python/3.10/lib/python/site-packages/sklearn/linear_model/_linear_loss.py:200: RuntimeWarning: overflow encountered in matmul
  raw_prediction = X @ weights + intercept
<local data dir>/Library/Python/3.10/lib/python/site-packages/sklearn/linear_model/_linear_loss.py:200: RuntimeWarning: invalid value encountered in matmul
  raw_prediction = X @ weights + intercept
<local data dir>/Library/Python/3.10/lib/python/site-packages/sklearn/linear_model/_linear_loss.py:209: RuntimeWarning: divide by zero encountered in matmul
  norm2_w = weights @ weights if weights.ndim == 1 else squared_norm(weights)
<local data dir>/Library/Python/3.10/lib/python/site-packages/sklearn/linear_model/_linear_loss.py:209: RuntimeWarning: overflow encountered in matmul
  norm2_w = weights @ weights if weights.ndim == 1 else squared_norm(weights)
<local data dir>/Library/Python/3.10/lib/python/site-packages/sklearn/linear_model/_linear_loss.py:209: RuntimeWarning: invalid value encountered in matmul
  norm2_w = weights @ weights if weights.ndim == 1 else squared_norm(weights)
<local data dir>/Library/Python/3.10/lib/python/site-packages/sklearn/linear_model/_linear_loss.py:330: RuntimeWarning: divide by zero encountered in matmul
  grad[:n_features] = X.T @ grad_pointwise + l2_reg_strength * weights
<local data dir>/Library/Python/3.10/lib/python/site-packages/sklearn/linear_model/_linear_loss.py:330: RuntimeWarning: overflow encountered in matmul
  grad[:n_features] = X.T @ grad_pointwise + l2_reg_strength * weights
<local data dir>/Library/Python/3.10/lib/python/site-packages/sklearn/linear_model/_linear_loss.py:330: RuntimeWarning: invalid value encountered in matmul
  grad[:n_features] = X.T @ grad_pointwise + l2_reg_strength * weights
<local data dir>/Library/Python/3.10/lib/python/site-packages/sklearn/utils/extmath.py:203: RuntimeWarning: divide by zero encountered in matmul
  ret = a @ b
<local data dir>/Library/Python/3.10/lib/python/site-packages/sklearn/utils/extmath.py:203: RuntimeWarning: overflow encountered in matmul
  ret = a @ b
<local data dir>/Library/Python/3.10/lib/python/site-packages/sklearn/utils/extmath.py:203: RuntimeWarning: invalid value encountered in matmul
  ret = a @ b
DIFF 3b_conflict_auc_probe            claimed   0.6145   mine   0.5520  claimCI [0.5021,0.7246]  myCI [0.4385,0.6637]
<local data dir>/Library/Python/3.10/lib/python/site-packages/sklearn/linear_model/_linear_loss.py:200: RuntimeWarning: divide by zero encountered in matmul
  raw_prediction = X @ weights + intercept
<local data dir>/Library/Python/3.10/lib/python/site-packages/sklearn/linear_model/_linear_loss.py:200: RuntimeWarning: overflow encountered in matmul
  raw_prediction = X @ weights + intercept
<local data dir>/Library/Python/3.10/lib/python/site-packages/sklearn/linear_model/_linear_loss.py:200: RuntimeWarning: invalid value encountered in matmul
  raw_prediction = X @ weights + intercept
<local data dir>/Library/Python/3.10/lib/python/site-packages/sklearn/linear_model/_linear_loss.py:209: RuntimeWarning: divide by zero encountered in matmul
  norm2_w = weights @ weights if weights.ndim == 1 else squared_norm(weights)
<local data dir>/Library/Python/3.10/lib/python/site-packages/sklearn/linear_model/_linear_loss.py:209: RuntimeWarning: overflow encountered in matmul
  norm2_w = weights @ weights if weights.ndim == 1 else squared_norm(weights)
<local data dir>/Library/Python/3.10/lib/python/site-packages/sklearn/linear_model/_linear_loss.py:209: RuntimeWarning: invalid value encountered in matmul
  norm2_w = weights @ weights if weights.ndim == 1 else squared_norm(weights)
<local data dir>/Library/Python/3.10/lib/python/site-packages/sklearn/linear_model/_linear_loss.py:330: RuntimeWarning: divide by zero encountered in matmul
  grad[:n_features] = X.T @ grad_pointwise + l2_reg_strength * weights
<local data dir>/Library/Python/3.10/lib/python/site-packages/sklearn/linear_model/_linear_loss.py:330: RuntimeWarning: overflow encountered in matmul
  grad[:n_features] = X.T @ grad_pointwise + l2_reg_strength * weights
<local data dir>/Library/Python/3.10/lib/python/site-packages/sklearn/linear_model/_linear_loss.py:330: RuntimeWarning: invalid value encountered in matmul
  grad[:n_features] = X.T @ grad_pointwise + l2_reg_strength * weights
<local data dir>/Library/Python/3.10/lib/python/site-packages/sklearn/utils/extmath.py:203: RuntimeWarning: divide by zero encountered in matmul
  ret = a @ b
<local data dir>/Library/Python/3.10/lib/python/site-packages/sklearn/utils/extmath.py:203: RuntimeWarning: overflow encountered in matmul
  ret = a @ b
<local data dir>/Library/Python/3.10/lib/python/site-packages/sklearn/utils/extmath.py:203: RuntimeWarning: invalid value encountered in matmul
  ret = a @ b
<local data dir>/Library/Python/3.10/lib/python/site-packages/sklearn/linear_model/_linear_loss.py:200: RuntimeWarning: divide by zero encountered in matmul
  raw_prediction = X @ weights + intercept
<local data dir>/Library/Python/3.10/lib/python/site-packages/sklearn/linear_model/_linear_loss.py:200: RuntimeWarning: overflow encountered in matmul
  raw_prediction = X @ weights + intercept
<local data dir>/Library/Python/3.10/lib/python/site-packages/sklearn/linear_model/_linear_loss.py:200: RuntimeWarning: invalid value encountered in matmul
  raw_prediction = X @ weights + intercept
<local data dir>/Library/Python/3.10/lib/python/site-packages/sklearn/linear_model/_linear_loss.py:209: RuntimeWarning: divide by zero encountered in matmul
  norm2_w = weights @ weights if weights.ndim == 1 else squared_norm(weights)
<local data dir>/Library/Python/3.10/lib/python/site-packages/sklearn/linear_model/_linear_loss.py:209: RuntimeWarning: overflow encountered in matmul
  norm2_w = weights @ weights if weights.ndim == 1 else squared_norm(weights)
<local data dir>/Library/Python/3.10/lib/python/site-packages/sklearn/linear_model/_linear_loss.py:209: RuntimeWarning: invalid value encountered in matmul
  norm2_w = weights @ weights if weights.ndim == 1 else squared_norm(weights)
<local data dir>/Library/Python/3.10/lib/python/site-packages/sklearn/linear_model/_linear_loss.py:330: RuntimeWarning: divide by zero encountered in matmul
  grad[:n_features] = X.T @ grad_pointwise + l2_reg_strength * weights
<local data dir>/Library/Python/3.10/lib/python/site-packages/sklearn/linear_model/_linear_loss.py:330: RuntimeWarning: overflow encountered in matmul
  grad[:n_features] = X.T @ grad_pointwise + l2_reg_strength * weights
<local data dir>/Library/Python/3.10/lib/python/site-packages/sklearn/linear_model/_linear_loss.py:330: RuntimeWarning: invalid value encountered in matmul
  grad[:n_features] = X.T @ grad_pointwise + l2_reg_strength * weights
<local data dir>/Library/Python/3.10/lib/python/site-packages/sklearn/utils/extmath.py:203: RuntimeWarning: divide by zero encountered in matmul
  ret = a @ b
<local data dir>/Library/Python/3.10/lib/python/site-packages/sklearn/utils/extmath.py:203: RuntimeWarning: overflow encountered in matmul
  ret = a @ b
<local data dir>/Library/Python/3.10/lib/python/site-packages/sklearn/utils/extmath.py:203: RuntimeWarning: invalid value encountered in matmul
  ret = a @ b
<local data dir>/Library/Python/3.10/lib/python/site-packages/sklearn/linear_model/_linear_loss.py:200: RuntimeWarning: divide by zero encountered in matmul
  raw_prediction = X @ weights + intercept
<local data dir>/Library/Python/3.10/lib/python/site-packages/sklearn/linear_model/_linear_loss.py:200: RuntimeWarning: overflow encountered in matmul
  raw_prediction = X @ weights + intercept
<local data dir>/Library/Python/3.10/lib/python/site-packages/sklearn/linear_model/_linear_loss.py:200: RuntimeWarning: invalid value encountered in matmul
  raw_prediction = X @ weights + intercept
<local data dir>/Library/Python/3.10/lib/python/site-packages/sklearn/linear_model/_linear_loss.py:209: RuntimeWarning: divide by zero encountered in matmul
  norm2_w = weights @ weights if weights.ndim == 1 else squared_norm(weights)
<local data dir>/Library/Python/3.10/lib/python/site-packages/sklearn/linear_model/_linear_loss.py:209: RuntimeWarning: overflow encountered in matmul
  norm2_w = weights @ weights if weights.ndim == 1 else squared_norm(weights)
<local data dir>/Library/Python/3.10/lib/python/site-packages/sklearn/linear_model/_linear_loss.py:209: RuntimeWarning: invalid value encountered in matmul
  norm2_w = weights @ weights if weights.ndim == 1 else squared_norm(weights)
<local data dir>/Library/Python/3.10/lib/python/site-packages/sklearn/linear_model/_linear_loss.py:330: RuntimeWarning: divide by zero encountered in matmul
  grad[:n_features] = X.T @ grad_pointwise + l2_reg_strength * weights
<local data dir>/Library/Python/3.10/lib/python/site-packages/sklearn/linear_model/_linear_loss.py:330: RuntimeWarning: overflow encountered in matmul
  grad[:n_features] = X.T @ grad_pointwise + l2_reg_strength * weights
<local data dir>/Library/Python/3.10/lib/python/site-packages/sklearn/linear_model/_linear_loss.py:330: RuntimeWarning: invalid value encountered in matmul
  grad[:n_features] = X.T @ grad_pointwise + l2_reg_strength * weights
<local data dir>/Library/Python/3.10/lib/python/site-packages/sklearn/utils/extmath.py:203: RuntimeWarning: divide by zero encountered in matmul
  ret = a @ b
<local data dir>/Library/Python/3.10/lib/python/site-packages/sklearn/utils/extmath.py:203: RuntimeWarning: overflow encountered in matmul
  ret = a @ b
<local data dir>/Library/Python/3.10/lib/python/site-packages/sklearn/utils/extmath.py:203: RuntimeWarning: invalid value encountered in matmul
  ret = a @ b
<local data dir>/Library/Python/3.10/lib/python/site-packages/sklearn/linear_model/_linear_loss.py:200: RuntimeWarning: divide by zero encountered in matmul
  raw_prediction = X @ weights + intercept
<local data dir>/Library/Python/3.10/lib/python/site-packages/sklearn/linear_model/_linear_loss.py:200: RuntimeWarning: overflow encountered in matmul
  raw_prediction = X @ weights + intercept
<local data dir>/Library/Python/3.10/lib/python/site-packages/sklearn/linear_model/_linear_loss.py:200: RuntimeWarning: invalid value encountered in matmul
  raw_prediction = X @ weights + intercept
<local data dir>/Library/Python/3.10/lib/python/site-packages/sklearn/linear_model/_linear_loss.py:209: RuntimeWarning: divide by zero encountered in matmul
  norm2_w = weights @ weights if weights.ndim == 1 else squared_norm(weights)
<local data dir>/Library/Python/3.10/lib/python/site-packages/sklearn/linear_model/_linear_loss.py:209: RuntimeWarning: overflow encountered in matmul
  norm2_w = weights @ weights if weights.ndim == 1 else squared_norm(weights)
<local data dir>/Library/Python/3.10/lib/python/site-packages/sklearn/linear_model/_linear_loss.py:209: RuntimeWarning: invalid value encountered in matmul
  norm2_w = weights @ weights if weights.ndim == 1 else squared_norm(weights)
<local data dir>/Library/Python/3.10/lib/python/site-packages/sklearn/linear_model/_linear_loss.py:330: RuntimeWarning: divide by zero encountered in matmul
  grad[:n_features] = X.T @ grad_pointwise + l2_reg_strength * weights
<local data dir>/Library/Python/3.10/lib/python/site-packages/sklearn/linear_model/_linear_loss.py:330: RuntimeWarning: overflow encountered in matmul
  grad[:n_features] = X.T @ grad_pointwise + l2_reg_strength * weights
<local data dir>/Library/Python/3.10/lib/python/site-packages/sklearn/linear_model/_linear_loss.py:330: RuntimeWarning: invalid value encountered in matmul
  grad[:n_features] = X.T @ grad_pointwise + l2_reg_strength * weights
<local data dir>/Library/Python/3.10/lib/python/site-packages/sklearn/utils/extmath.py:203: RuntimeWarning: divide by zero encountered in matmul
  ret = a @ b
<local data dir>/Library/Python/3.10/lib/python/site-packages/sklearn/utils/extmath.py:203: RuntimeWarning: overflow encountered in matmul
  ret = a @ b
<local data dir>/Library/Python/3.10/lib/python/site-packages/sklearn/utils/extmath.py:203: RuntimeWarning: invalid value encountered in matmul
  ret = a @ b
<local data dir>/Library/Python/3.10/lib/python/site-packages/sklearn/linear_model/_linear_loss.py:200: RuntimeWarning: divide by zero encountered in matmul
  raw_prediction = X @ weights + intercept
<local data dir>/Library/Python/3.10/lib/python/site-packages/sklearn/linear_model/_linear_loss.py:200: RuntimeWarning: overflow encountered in matmul
  raw_prediction = X @ weights + intercept
<local data dir>/Library/Python/3.10/lib/python/site-packages/sklearn/linear_model/_linear_loss.py:200: RuntimeWarning: invalid value encountered in matmul
  raw_prediction = X @ weights + intercept
<local data dir>/Library/Python/3.10/lib/python/site-packages/sklearn/linear_model/_linear_loss.py:209: RuntimeWarning: divide by zero encountered in matmul
  norm2_w = weights @ weights if weights.ndim == 1 else squared_norm(weights)
<local data dir>/Library/Python/3.10/lib/python/site-packages/sklearn/linear_model/_linear_loss.py:209: RuntimeWarning: overflow encountered in matmul
  norm2_w = weights @ weights if weights.ndim == 1 else squared_norm(weights)
<local data dir>/Library/Python/3.10/lib/python/site-packages/sklearn/linear_model/_linear_loss.py:209: RuntimeWarning: invalid value encountered in matmul
  norm2_w = weights @ weights if weights.ndim == 1 else squared_norm(weights)
<local data dir>/Library/Python/3.10/lib/python/site-packages/sklearn/linear_model/_linear_loss.py:330: RuntimeWarning: divide by zero encountered in matmul
  grad[:n_features] = X.T @ grad_pointwise + l2_reg_strength * weights
<local data dir>/Library/Python/3.10/lib/python/site-packages/sklearn/linear_model/_linear_loss.py:330: RuntimeWarning: overflow encountered in matmul
  grad[:n_features] = X.T @ grad_pointwise + l2_reg_strength * weights
<local data dir>/Library/Python/3.10/lib/python/site-packages/sklearn/linear_model/_linear_loss.py:330: RuntimeWarning: invalid value encountered in matmul
  grad[:n_features] = X.T @ grad_pointwise + l2_reg_strength * weights
<local data dir>/Library/Python/3.10/lib/python/site-packages/sklearn/utils/extmath.py:203: RuntimeWarning: divide by zero encountered in matmul
  ret = a @ b
<local data dir>/Library/Python/3.10/lib/python/site-packages/sklearn/utils/extmath.py:203: RuntimeWarning: overflow encountered in matmul
  ret = a @ b
<local data dir>/Library/Python/3.10/lib/python/site-packages/sklearn/utils/extmath.py:203: RuntimeWarning: invalid value encountered in matmul
  ret = a @ b
DIFF 3b_agreement_auc_probe           claimed   0.9349   mine   0.9314  claimCI [0.9034,0.9614]  myCI [0.9015,0.9580]
