2026-09-23 12:32:42.787 | INFO     | kimia_infer.api.kimia:__init__:16 - Loading kimi-audio main model
2026-09-23 12:32:42.789 | INFO     | kimia_infer.api.kimia:__init__:25 - Looking for resources in /workspace/hf/hub/models--moonshotai--Kimi-Audio-7B-Instruct/snapshots/9a82a84c37ad9eb1307fb6ed8d7b397862ef9e6b
2026-09-23 12:32:42.790 | INFO     | kimia_infer.api.kimia:__init__:26 - Loading whisper model
using normal flash attention
Loading checkpoint shards:   0%|          | 0/36 [00:00<?, ?it/s]Loading checkpoint shards:  11%|█         | 4/36 [00:00<00:00, 35.76it/s]Loading checkpoint shards:  22%|██▏       | 8/36 [00:00<00:00, 37.69it/s]Loading checkpoint shards:  33%|███▎      | 12/36 [00:00<00:00, 37.74it/s]Loading checkpoint shards:  44%|████▍     | 16/36 [00:00<00:00, 36.46it/s]Loading checkpoint shards:  58%|█████▊    | 21/36 [00:00<00:00, 39.89it/s]Loading checkpoint shards:  72%|███████▏  | 26/36 [00:00<00:00, 41.31it/s]Loading checkpoint shards:  89%|████████▉ | 32/36 [00:00<00:00, 45.48it/s]Loading checkpoint shards: 100%|██████████| 36/36 [00:00<00:00, 41.86it/s]
2026-09-23 12:32:51.626 | INFO     | kimia_infer.api.prompt_manager:__init__:20 - Looking for resources in /workspace/hf/hub/models--moonshotai--Kimi-Audio-7B-Instruct/snapshots/9a82a84c37ad9eb1307fb6ed8d7b397862ef9e6b
2026-09-23 12:32:51.626 | INFO     | kimia_infer.api.prompt_manager:__init__:21 - Loading whisper model
2026-09-23 12:32:53.373 | INFO     | kimia_infer.api.prompt_manager:__init__:30 - Loading text tokenizer
Kimi loaded in 11s from /workspace/hf/hub/models--moonshotai--Kimi-Audio-7B-Instruct/snapshots/9a82a84c37ad9eb1307fb6ed8d7b397862ef9e6b dtype torch.bfloat16
TOKENIZATION yes {'Yes': [9454], ' Yes': [7414], 'yes': [9693], ' yes': [9834], 'YES': [14004], ' YES': [14080]} no {'No': [2753], ' No': [2308], 'no': [2152], ' no': [902], 'NO': [8996], ' NO': [5664]}
ref ids yes [7414, 9454, 9693, 9834, 14004] no [902, 2152, 2308, 2753, 8996] | rule3 ids yes [7414, 9454, 9693, 9834, 14004, 14080] no [902, 2152, 2308, 2753, 5664, 8996]
1/468 noinv_conflict_Con_015-0_67805.wav p_yes 0.6312 mass 0.9911 13s
51/468 noinv_conflict_Dem_010-2_4647.wav p_yes 0.9256 mass 0.9979 21s
101/468 noinv_conflict_Dem_221-2_32438.wav p_yes 0.7152 mass 0.9900 30s
151/468 noinv_agreement_Con_006-4_37223.wav p_yes 0.8817 mass 0.9974 37s
201/468 noinv_agreement_Con_128-1_34057.wav p_yes 0.3314 mass 0.9944 46s
251/468 noinv_agreement_Con_243-0_33988.wav p_yes 0.7067 mass 0.9938 55s
301/468 noinv_agreement_Dem_029-1_30833.wav p_yes 0.3845 mass 0.9933 63s
351/468 noinv_agreement_Dem_157-0_3215.wav p_yes 0.5340 mass 0.9940 72s
401/468 noinv_agreement_Dem_268-0_145775.wav p_yes 0.3990 mass 0.9952 80s
451/468 noinv_agreement_Dem_585-0_35202.wav p_yes 0.9047 mass 0.9931 88s
468/468 noinv_agreement_Dem_714-0_13211.wav p_yes 0.9380 mass 0.9980 91s
SCORED -> /workspace/scores/part20/POD4d/kimi_pitt_noinv468_scores.csv 91s
