S20 rows=468 unique id=468 speakers=228 labels={0: 178, 1: 290} p_yes NaN=0
S20 distinct prompt strings=1
S20 prompt verbatim: 'Based only on this transcript of what the person said, does this speaker show signs of dementia? Answer with one word, Yes or No.'
join S20 x manifest on basename: 468 rows; arms={'agreement': 322, 'conflict': 146}
join + S15 on basename: 468 rows
join + audio on basename: 468 rows
label agrees S20=manifest=S15=audio on 468/468 rows
S20 speaker_id == manifest grp+spk on 468/468; == S15 speaker and audio speaker on 468/468
manifest arm == S15 'set' column on 468/468
manifest grp consistent with label on 468/468
manifest bare spk numbers in both Control and Dementia: ['172']
n all=468 spk=228 | conflict n=146 spk=100 labels={0: 45, 1: 101} | agreement n=322 spk=175 labels={0: 133, 1: 189} | speakers in both arms=47
T6_s20_text_all468	0.6629 [0.5983, 0.7245]	n=468 n_speakers=228	degenerate_draws=0	<local data dir>/release/overnight2/text_new/o25_pitt_text.csv
T6_s20_text_conflict	0.5560 [0.4516, 0.6680]	n=146 n_speakers=100	degenerate_draws=0	<local data dir>/release/overnight2/text_new/o25_pitt_text.csv
T6_s20_text_agreement	0.7078 [0.6381, 0.7696]	n=322 n_speakers=175	degenerate_draws=0	<local data dir>/release/overnight2/text_new/o25_pitt_text.csv
T6_s20_text_conflict_minus_agreement	-0.1518 [-0.2665, -0.0271]	n=468 n_speakers=228	degenerate_draws=0	<local data dir>/release/overnight2/text_new/o25_pitt_text.csv
T6_s15_text_all468	0.6975 [0.6369, 0.7549]	n=468 n_speakers=228	degenerate_draws=0	<local data dir>/paper work/paper1_local_runs/omni_pitt_text.csv
T6_s15_text_conflict	0.4550 [0.3412, 0.5718]	n=146 n_speakers=100	degenerate_draws=0	<local data dir>/paper work/paper1_local_runs/omni_pitt_text.csv
T6_s15_text_agreement	0.7987 [0.7392, 0.8535]	n=322 n_speakers=175	degenerate_draws=0	<local data dir>/paper work/paper1_local_runs/omni_pitt_text.csv
T6_s15_text_conflict_minus_agreement	-0.3437 [-0.4556, -0.2209]	n=468 n_speakers=228	degenerate_draws=0	<local data dir>/paper work/paper1_local_runs/omni_pitt_text.csv
T6_audio_all468	0.6578 [0.6033, 0.7125]	n=468 n_speakers=228	degenerate_draws=0	<local data dir>/release/omni_final/omni_pitt_zeroshot_scores.csv
T6_audio_conflict	0.5322 [0.4216, 0.6447]	n=146 n_speakers=100	degenerate_draws=0	<local data dir>/release/omni_final/omni_pitt_zeroshot_scores.csv
T6_audio_agreement	0.7054 [0.6431, 0.7658]	n=322 n_speakers=175	degenerate_draws=0	<local data dir>/release/omni_final/omni_pitt_zeroshot_scores.csv
T6_audio_conflict_minus_agreement	-0.1731 [-0.2958, -0.0392]	n=468 n_speakers=228	degenerate_draws=0	<local data dir>/release/omni_final/omni_pitt_zeroshot_scores.csv
T6_s20_text_minus_audio_all468	0.0051 [-0.0657, 0.0694]	n=468 n_speakers=228	degenerate_draws=0	<local data dir>/release/edaic_rerun/part17/T6_pitt_text_sep20_arms.csv
T6_s20_text_minus_audio_conflict	0.0238 [-0.1147, 0.1577]	n=146 n_speakers=100	degenerate_draws=0	<local data dir>/release/edaic_rerun/part17/T6_pitt_text_sep20_arms.csv
T6_s20_text_minus_audio_agreement	0.0024 [-0.0824, 0.0779]	n=322 n_speakers=175	degenerate_draws=0	<local data dir>/release/edaic_rerun/part17/T6_pitt_text_sep20_arms.csv
T6_s20_gap_text_minus_gap_audio	0.0214 [-0.1413, 0.1806]	n=468 n_speakers=228	degenerate_draws=0	<local data dir>/release/edaic_rerun/part17/T6_pitt_text_sep20_arms.csv
T6_s15_text_minus_audio_all468	0.0397 [-0.0302, 0.1070]	n=468 n_speakers=228	degenerate_draws=0	<local data dir>/release/edaic_rerun/part17/T6_pitt_text_sep20_arms.csv
T6_s15_text_minus_audio_conflict	-0.0772 [-0.2360, 0.0680]	n=146 n_speakers=100	degenerate_draws=0	<local data dir>/release/edaic_rerun/part17/T6_pitt_text_sep20_arms.csv
T6_s15_text_minus_audio_agreement	0.0933 [0.0157, 0.1637]	n=322 n_speakers=175	degenerate_draws=0	<local data dir>/release/edaic_rerun/part17/T6_pitt_text_sep20_arms.csv
T6_s15_gap_text_minus_gap_audio	-0.1705 [-0.3440, -0.0049]	n=468 n_speakers=228	degenerate_draws=0	<local data dir>/release/edaic_rerun/part17/T6_pitt_text_sep20_arms.csv
T6_s20_minus_s15_all468	-0.0346 [-0.0757, 0.0003]	n=468 n_speakers=228	degenerate_draws=0	<local data dir>/release/edaic_rerun/part17/T6_pitt_text_sep20_arms.csv
T6_s20_minus_s15_conflict	0.1010 [0.0270, 0.1766]	n=146 n_speakers=100	degenerate_draws=0	<local data dir>/release/edaic_rerun/part17/T6_pitt_text_sep20_arms.csv
T6_s20_minus_s15_agreement	-0.0909 [-0.1345, -0.0518]	n=322 n_speakers=175	degenerate_draws=0	<local data dir>/release/edaic_rerun/part17/T6_pitt_text_sep20_arms.csv
T6_s20_minus_s15_armgap	0.1919 [0.1104, 0.2800]	n=468 n_speakers=228	degenerate_draws=0	<local data dir>/release/edaic_rerun/part17/T6_pitt_text_sep20_arms.csv
arm gap ratio transcript/audio: Sep 20 0.8765  Sep 15 1.9848 (point only)
per-clip p_yes Sep20 vs Sep15: Pearson r=0.7640 Spearman rho=0.7876 max|diff|=0.6147 (clip segments/conflict_Dem_368-0_5232.wav: 0.7433 vs 0.1285) mean|diff|=0.3019 median|diff|=0.2949 clips |diff|>0.1: 460/468
mean p_yes Sep20=0.4010 Sep15=0.0991; median answer mass Sep20=0.9966 Sep15=0.9519
sensitivity (cluster = bare manifest spk) Sep 20 conflict: 0.5560 [0.4485, 0.6723] clusters=100
sensitivity (cluster = bare manifest spk) Sep 20 agreement: 0.7078 [0.6373, 0.7673] clusters=175
sensitivity (cluster = bare manifest spk) Sep 20 conflict_minus_agreement: -0.1518 [-0.2697, -0.0275] clusters=227
