22:28:41 START pod lo-t5-10 mode main variants full jobs pitt_encproj edaic30_encproj host 15a1622c6c11
22:28:52 pip rc 0
ENV 2.1.2 1.18.1 1.9.1 ['Model name:                         AMD EPYC 9654 96-Core Processor'] SkylakeX
22:28:59 pitt_encproj exact script rc 0 | enc: 32 points, best auc_oof 0.8083 at 27, last 0.7908;proj: 1 points, best auc_oof 0.7669 at 0, last 0.7669;
22:29:00 pitt_encproj foldcheck rc 0
22:29:06 pitt_encproj variant podfile rc 0
22:29:12 pitt_encproj variant macfile rc 0
22:29:18 pitt_encproj variant podfile_f64 rc 0
22:34:03 pitt_encproj variant podfile_thr8 rc 0
22:34:09 pitt_encproj variant podfile_ctHaswell rc 0
22:34:15 pitt_encproj variant podfile_ctSkylakeX rc 0
22:34:21 pitt_encproj variant podfile_ctZen rc 0
22:34:27 pitt_encproj variant podfile_ctSapphireRapids rc 0
22:34:33 pitt_encproj variant podfile_ctSandybridge rc 0
22:34:39 pitt_encproj variant podfile_ctPrescott rc 0
22:34:41 pitt_encproj same-pod verifier refit rc 0
22:34:47 edaic30_encproj exact script rc 0 | enc: 32 points, best auc_oof 0.6686 at 1, last 0.4814;proj: 1 points, best auc_oof 0.5182 at 0, last 0.5182;
22:34:48 edaic30_encproj foldcheck rc 0
22:34:54 edaic30_encproj variant podfile rc 0
22:34:59 edaic30_encproj variant macfile rc 0
22:35:05 edaic30_encproj variant podfile_f64 rc 0
22:35:09 edaic30_encproj variant podfile_thr8 rc 0
22:35:14 edaic30_encproj variant podfile_ctHaswell rc 0
22:35:20 edaic30_encproj variant podfile_ctSkylakeX rc 0
22:35:26 edaic30_encproj variant podfile_ctZen rc 0
22:35:31 edaic30_encproj variant podfile_ctSapphireRapids rc 0
22:35:37 edaic30_encproj variant podfile_ctSandybridge rc 0
22:35:43 edaic30_encproj variant podfile_ctPrescott rc 0
22:35:44 edaic30_encproj same-pod verifier refit rc 0
22:35:44 ALL DONE
