OK 318 try 1
OK 319 try 1
OK 326 try 1
OK 300 try 1
OK 327 try 1
OK 313 try 1
OK 324 try 1
OK 310 try 1
OK 329 try 1
OK 309 try 1
OK 302 try 1
OK 312 try 1
OK 330 try 1
OK 304 try 1
OK 301 try 1
OK 311 try 1
OK 306 try 1
OK 317 try 1
OK 320 try 1
OK 308 try 1
OK 331 try 1
OK 323 try 1
OK 316 try 1
OK 321 try 1
OK 325 try 1
OK 315 try 1
OK 328 try 1
OK 322 try 1
OK 303 try 1
OK 307 try 1
OK 340 try 1
OK 338 try 1
OK 357 try 1
OK 347 try 1
OK 335 try 1
OK 360 try 1
OK 354 try 1
OK 332 try 1
OK 345 try 1
OK 355 try 1
OK 314 try 1
OK 339 try 1
OK 358 try 1
OK 348 try 1
OK 341 try 1
OK 333 try 1
OK 334 try 1
OK 361 try 1
OK 343 try 1
OK 352 try 1
OK 351 try 1
OK 353 try 1
OK 336 try 1
OK 305 try 1
OK 350 try 1
OK 344 try 1
OK 356 try 1
OK 362 try 1
OK 359 try 1
OK 349 try 1
OK 346 try 1
OK 375 try 1
OK 385 try 1
OK 387 try 1
OK 371 try 1
OK 369 try 1
OK 378 try 1
OK 382 try 1
OK 388 try 1
OK 337 try 1
OK 376 try 1
OK 391 try 1
OK 363 try 1
OK 379 try 1
OK 366 try 1
OK 393 try 1
OK 386 try 1
OK 381 try 1
OK 392 try 1
OK 384 try 1
OK 365 try 1
OK 370 try 1
OK 368 try 1
OK 389 try 1
OK 373 try 1
OK 367 try 1
OK 374 try 1
OK 377 try 1
OK 396 try 1
OK 383 try 1
OK 395 try 1
OK 372 try 1
OK 399 try 1
OK 364 try 1
OK 390 try 1
OK 406 try 1
OK 402 try 1
OK 408 try 1
OK 397 try 1
OK 400 try 1
OK 403 try 1
OK 401 try 1
OK 380 try 1
OK 415 try 1
OK 412 try 1
OK 416 try 1
OK 409 try 1
OK 417 try 1
OK 414 try 1
OK 404 try 1
OK 421 try 1
OK 410 try 1
OK 413 try 1
OK 407 try 1
OK 419 try 1
OK 418 try 1
OK 428 try 1
OK 423 try 1
OK 426 try 1
OK 427 try 1
OK 420 try 1
OK 411 try 1
OK 431 try 1
OK 424 try 1
OK 436 try 1
OK 429 try 1
OK 425 try 1
OK 405 try 1
OK 432 try 1
OK 433 try 1
OK 430 try 1
OK 422 try 1
OK 434 try 1
OK 439 try 1
OK 435 try 1
OK 447 try 1
OK 454 try 1
OK 451 try 1
OK 450 try 1
OK 459 try 1
OK 437 try 1
OK 452 try 1
OK 455 try 1
OK 445 try 1
OK 442 try 1
OK 456 try 1
OK 443 try 1
OK 473 try 1
OK 449 try 1
OK 467 try 1
OK 441 try 1
OK 458 try 1
OK 438 try 1
OK 463 try 1
OK 448 try 1
OK 440 try 1
OK 475 try 1
OK 476 try 1
OK 466 try 1
OK 446 try 1
OK 471 try 1
OK 472 try 1
OK 464 try 1
OK 470 try 1
OK 469 try 1
OK 468 try 1
OK 465 try 1
OK 474 try 1
OK 461 try 1
OK 453 try 1
OK 444 try 1
OK 485 try 1
OK 457 try 1
OK 479 try 1
OK 486 try 1
OK 480 try 1
OK 462 try 1
OK 478 try 1
OK 490 try 1
OK 489 try 1
OK 606 try 1
OK 600 try 1
OK 601 try 1
OK 482 try 1
OK 481 try 1
OK 488 try 1
OK 604 try 1
OK 491 try 1
OK 484 try 1
OK 602 try 1
OK 477 try 1
OK 487 try 1
OK 492 try 1
OK 605 try 1
OK 607 try 1
OK 612 try 1
OK 626 try 1
OK 618 try 1
OK 631 try 1
OK 483 try 1
OK 624 try 1
OK 638 try 1
OK 635 try 1
OK 651 try 1
OK 622 try 1
OK 615 try 1
OK 641 try 1
OK 608 try 1
OK 619 try 1
OK 609 try 1
OK 617 try 1
OK 634 try 1
OK 654 try 1
OK 640 try 1
OK 628 try 1
OK 603 try 1
OK 620 try 1
OK 625 try 1
OK 650 try 1
OK 652 try 1
OK 657 try 1
OK 653 try 1
OK 656 try 1
OK 649 try 1
OK 655 try 1
OK 623 try 1
OK 658 try 1
OK 632 try 1
OK 676 try 1
OK 673 try 1
OK 670 try 1
OK 629 try 1
OK 660 try 1
OK 637 try 1
OK 663 try 1
OK 636 try 1
OK 667 try 1
OK 662 try 1
OK 682 try 1
OK 664 try 1
OK 659 try 1
OK 633 try 1
OK 693 try 1
OK 627 try 1
OK 679 try 1
OK 692 try 1
OK 677 try 1
OK 696 try 1
OK 687 try 1
OK 702 try 1
OK 699 try 1
OK 666 try 1
OK 689 try 1
OK 661 try 1
OK 705 try 1
OK 688 try 1
OK 684 try 1
OK 703 try 1
OK 708 try 1
OK 710 try 1
OK 669 try 1
OK 713 try 1
OK 709 try 1
OK 683 try 1
OK 707 try 1
OK 697 try 1
OK 691 try 1
OK 680 try 1
OK 695 try 1
OK 716 try 1
OK 712 try 1
OK 717 try 1
OK 715 try 1
OK 698 try 1
OK 718 try 1
