RETRY 318 try 1
RETRY 300 try 1
RETRY 319 try 1
RETRY 326 try 1
RETRY 327 try 1
RETRY 324 try 1
RETRY 330 try 1
RETRY 329 try 1
RETRY 309 try 1
RETRY 310 try 1
RETRY 312 try 1
RETRY 302 try 1
RETRY 313 try 1
RETRY 304 try 1
RETRY 306 try 1
RETRY 323 try 1
RETRY 331 try 1
RETRY 317 try 1
RETRY 311 try 1
RETRY 301 try 1
RETRY 320 try 1
RETRY 316 try 1
RETRY 321 try 1
RETRY 325 try 1
RETRY 308 try 1
RETRY 315 try 1
RETRY 322 try 1
RETRY 303 try 1
RETRY 328 try 1
RETRY 307 try 1
RETRY 318 try 2
RETRY 314 try 1
RETRY 305 try 1
RETRY 300 try 2
RETRY 319 try 2
RETRY 326 try 2
RETRY 327 try 2
RETRY 324 try 2
RETRY 330 try 2
RETRY 329 try 2
RETRY 309 try 2
RETRY 302 try 2
RETRY 310 try 2
RETRY 312 try 2
RETRY 313 try 2
RETRY 304 try 2
RETRY 317 try 2
RETRY 311 try 2
RETRY 318 try 3
RETRY 323 try 2
RETRY 320 try 2
RETRY 306 try 2
RETRY 301 try 2
RETRY 321 try 2
RETRY 331 try 2
RETRY 316 try 2
RETRY 308 try 2
RETRY 325 try 2
RETRY 303 try 2
RETRY 315 try 2
RETRY 322 try 2
RETRY 328 try 2
RETRY 319 try 3
RETRY 300 try 3
RETRY 326 try 3
RETRY 307 try 2
RETRY 327 try 3
RETRY 324 try 3
RETRY 330 try 3
RETRY 329 try 3
RETRY 309 try 3
RETRY 302 try 3
RETRY 310 try 3
RETRY 313 try 3
RETRY 314 try 2
RETRY 318 try 4
RETRY 312 try 3
RETRY 304 try 3
RETRY 317 try 3
RETRY 305 try 2
RETRY 311 try 3
RETRY 320 try 3
RETRY 319 try 4
RETRY 306 try 3
RETRY 323 try 3
RETRY 300 try 4
RETRY 321 try 3
RETRY 326 try 4
RETRY 301 try 3
RETRY 331 try 3
RETRY 316 try 3
RETRY 308 try 3
RETRY 325 try 3
RETRY 327 try 4
RETRY 315 try 3
RETRY 322 try 3
RETRY 328 try 3
RETRY 324 try 4
RETRY 303 try 3
RETRY 329 try 4
RETRY 330 try 4
RETRY 309 try 4
RETRY 302 try 4
RETRY 318 try 5
RETRY 310 try 4
RETRY 313 try 4
RETRY 307 try 3
RETRY 312 try 4
RETRY 304 try 4
RETRY 319 try 5
RETRY 317 try 4
RETRY 311 try 4
RETRY 320 try 4
RETRY 300 try 5
RETRY 326 try 5
RETRY 323 try 4
RETRY 306 try 4
RETRY 321 try 4
RETRY 327 try 5
RETRY 301 try 4
RETRY 325 try 4
RETRY 324 try 5
RETRY 331 try 4
RETRY 318 try 6
RETRY 308 try 4
RETRY 329 try 5
