[transformers] Model config: tts_text_start_token_id must be `None` or an integer within the vocabulary (between 0 and 8447), got 151860. This may result in unexpected behavior.
[transformers] Model config: tts_text_end_token_id must be `None` or an integer within the vocabulary (between 0 and 8447), got 151861. This may result in unexpected behavior.
[transformers] Model config: tts_text_pad_token_id must be `None` or an integer within the vocabulary (between 0 and 8447), got 151859. This may result in unexpected behavior.
[transformers] Model config: vision_start_token_id must be `None` or an integer within the vocabulary (between 0 and 8447), got 151652. This may result in unexpected behavior.
[transformers] Model config: vision_end_token_id must be `None` or an integer within the vocabulary (between 0 and 8447), got 151653. This may result in unexpected behavior.
[transformers] Model config: audio_start_token_id must be `None` or an integer within the vocabulary (between 0 and 8447), got 151647. This may result in unexpected behavior.
[transformers] Model config: audio_end_token_id must be `None` or an integer within the vocabulary (between 0 and 8447), got 151648. This may result in unexpected behavior.
{
 "n": 468,
 "n_spk": 228,
 "fold_file": "ref/pitt_groupkfold5_mac.csv",
 "ids": {
  "rule": [
   [
    7414,
    9454,
    9693,
    9834,
    14004,
    14080
   ],
   [
    902,
    2152,
    2308,
    2753,
    5664,
    8996
   ]
  ],
  "legacy": [
   [
    7414,
    9454,
    9693,
    9834,
    14004
   ],
   [
    902,
    2152,
    2308,
    2753,
    8996
   ]
  ]
 },
 "fold_sizes": [
  94,
  94,
  94,
  93,
  93
 ],
 "rule_norm_check": {
  "as_saved": {
   "mean_abs_vs_stored_p_yes": 0.006267230081087842,
   "r": 0.9975638840935512
  },
  "rms_applied": {
   "mean_abs_vs_stored_p_yes": 0.16651209790121224,
   "r": 0.979678891575193
  }
 },
 "rule_mean_subset_mass": [
  1.0138858539787105e-05,
  0.37302795486232804,
  0.0015189843055789698,
  4.4818493127932635e-06,
  8.30853464528656e-06,
  3.602217107712398e-07,
  9.251657212402897e-06,
  0.0014646897467892929,
  3.093582678897366e-05,
  0.6238772184285771,
  7.350828118304197e-07,
  4.694062570448436e-05
 ],
 "rule_proj_auc": 0.7281673769856645,
 "rule_gate_delta_vs_stored_pyes_auc": 0.005017435102673384,
 "legacy_norm_check": {
  "as_saved": {
   "mean_abs_vs_stored_p_yes": 0.006267231127498342,
   "r": 0.9975638835733496
  },
  "rms_applied": {
   "mean_abs_vs_stored_p_yes": 0.16651174631081203,
   "r": 0.9796790186216175
  }
 },
 "legacy_mean_subset_mass": [
  1.0138869589595776e-05,
  0.37302835748455154,
  0.0015189859795508062,
  4.4818541992307265e-06,
  8.308543726896702e-06,
  9.251667609637874e-06,
  0.001464691416590145,
  3.093586137779693e-05,
  0.6238779076444951,
  4.6940678309334036e-05
 ],
 "legacy_proj_auc": 0.7281673769856645,
 "legacy_gate_delta_vs_stored_pyes_auc": 0.005017435102673384,
 "cos_d_rule_vs_d_legacy": 0.9999999999994201,
 "probe_auc": 0.7957768306857808,
 "rule": {
  "cos_wraw_d": 0.006712268070367601,
  "after_removal_auc": 0.7768694304533127,
  "kept_control_auc": 0.778845408756296,
  "floor_mean": 0.013314152844789961,
  "floor_lo": 0.0005057471794206742,
  "floor_hi": 0.03723469918785012,
  "cos_lo": -0.012195697468436571,
  "cos_hi": 0.02121298579837009,
  "cos_valid": 2000
 },
 "legacy": {
  "cos_wraw_d": 0.006712254286098431,
  "after_removal_auc": 0.7768694304533127,
  "kept_control_auc": 0.778845408756296,
  "floor_mean": 0.013314152326232563,
  "floor_lo": 0.0005056944652485856,
  "floor_hi": 0.037234716541194646,
  "cos_lo": -0.012195737221252587,
  "cos_hi": 0.02121296691416002,
  "cos_valid": 2000
 }
}
