lm_head_shape [152064, 2048]
lm_head_dtype torch.bfloat16
lm_head_sha256_bf16 ef1c824486f6f733cb2479d50b43ca4b4dba940f310b377c89a038be5955210b
range_copy_bitwise_equal True
fp16_dump_rows_changed 49826
fp16_dump_entries_changed 62019
env {'python': '3.12.3', 'sklearn': '1.9.1', 'numpy': '2.1.2', 'scipy': '1.18.1', 'torch': '2.8.0+cu128', 'machine': 'x86_64'}
fp16_pyes_maxabs_vs_saved 0.02953708586872733
fp16_projd_maxabs_vs_pod 1.3954167226160052e-06
fp16_all_own_folds_equal_sklearn False
fp16_all {'n': 468, 'n_speakers': 228, 'cosine': 0.005737660568262121, 'rand_mean': 0.017735495415313874, 'rand_lo': 0.0008610440860471465, 'rand_hi': 0.0489506979880876, 'auc_probe': 0.7973459899263852, 'auc_probe_ci': [0.7442008210934543, 0.8480604948157271], 'auc_d': 0.7656334753971329, 'auc_d_ci': [0.7087610461329731, 0.8179431514848181], 'auc_wo_trainz': 0.7993413405656722, 'auc_wo_trainz_ci': [0.7476667608342764, 0.8500316134459942], 'auc_wo_foldz': 0.7956024796590468, 'auc_wo_foldz_ci': [0.7441756634629954, 0.8450201703483994], 'draws': 2000, 'oof_maxabs_vs_pod': 0.9663188251792432}
macfolds_all {'auc_probe': 0.7863618752421542, 'auc_probe_ci': [0.733526036269353, 0.8358947088994076], 'cosine': 0.0054764337484914, 'speakers_with_different_foldmates': 228}
spread_all {'auc_mean': 0.8032618171251454, 'auc_sd': 0.01223335221090924, 'auc_min': 0.7713483146067416, 'auc_max': 0.8413793103448276, 'auc_p2_5': 0.7786478109259977, 'auc_p97_5': 0.8244483727237505, 'cos_mean': 0.0057368213349138905, 'cos_min': 0.002293634555915773, 'cos_max': 0.009024369849948748}
fp16_conflict_own_folds_equal_sklearn False
fp16_conflict {'n': 146, 'n_speakers': 100, 'cosine': -0.007488603303427929, 'rand_mean': 0.017712004606222097, 'rand_lo': 0.0005666374154102655, 'rand_hi': 0.05222297922878028, 'auc_probe': 0.6213421342134213, 'auc_probe_ci': [0.5202301704705551, 0.7225987348517743], 'auc_d': 0.6028602860286029, 'auc_d_ci': [0.496539929221551, 0.7024788097057003], 'auc_wo_trainz': 0.6316831683168317, 'auc_wo_trainz_ci': [0.5337005330871901, 0.7334117406613839], 'auc_wo_foldz': 0.6169416941694169, 'auc_wo_foldz_ci': [0.5137517429995752, 0.7207409802146643], 'draws': 2000}
macfolds_conflict {'auc_probe': 0.5520352035203521, 'auc_probe_ci': [0.43845101373882883, 0.663731780043789], 'cosine': -0.00735563182530053, 'speakers_with_different_foldmates': 100}
spread_conflict {'auc_mean': 0.5782695269526953, 'auc_sd': 0.033969153260955336, 'auc_min': 0.47854785478547857, 'auc_max': 0.6572057205720572, 'auc_p2_5': 0.5084213421342134, 'auc_p97_5': 0.6378602860286028, 'cos_mean': -0.006875127596791345, 'cos_min': -0.010553072519997219, 'cos_max': -0.0032507951713899785}
fp16_agreement_own_folds_equal_sklearn False
fp16_agreement {'n': 322, 'n_speakers': 175, 'cosine': 0.009377735430627202, 'rand_mean': 0.0171812272038386, 'rand_lo': 0.0005789973190739539, 'rand_hi': 0.04778063577771453, 'auc_probe': 0.9259259259259259, 'auc_probe_ci': [0.8934469537172903, 0.9529298257329484], 'auc_d': 0.8264311572582249, 'auc_d_ci': [0.7741252126672338, 0.8730990470397405], 'auc_wo_trainz': 0.9306599832915622, 'auc_wo_trainz_ci': [0.9003679952067172, 0.9555677391618844], 'auc_wo_foldz': 0.9308191112702391, 'auc_wo_foldz_ci': [0.9024703748181189, 0.9554482715230018], 'draws': 2000}
macfolds_agreement {'auc_probe': 0.9313760591956081, 'auc_probe_ci': [0.9015318525361892, 0.9580447784703943], 'cosine': 0.007859049262192424, 'speakers_with_different_foldmates': 175}
spread_agreement {'auc_mean': 0.9261870947209293, 'auc_sd': 0.007002971891818401, 'auc_min': 0.9064327485380117, 'auc_max': 0.9472092930739547, 'auc_p2_5': 0.9125551975176035, 'auc_p97_5': 0.9391733301507738, 'cos_mean': 0.00864399221814296, 'cos_min': 0.006325743663603063, 'cos_max': 0.011784390572621976}
bf16exact_pyes_maxabs_vs_saved 0.029537088749734042
bf16exact_projd_maxabs_vs_pod 1.3817280297701018e-06
bf16exact_all_own_folds_equal_sklearn False
bf16exact_all {'n': 468, 'n_speakers': 228, 'cosine': 0.005737660343815664, 'rand_mean': 0.017735495415313874, 'rand_lo': 0.0008610440860471465, 'rand_hi': 0.0489506979880876, 'auc_probe': 0.7973459899263852, 'auc_probe_ci': [0.7442008210934543, 0.8480604948157271], 'auc_d': 0.7656334753971329, 'auc_d_ci': [0.7087610461329731, 0.8179431514848181], 'auc_wo_trainz': 0.7993413405656722, 'auc_wo_trainz_ci': [0.7476667608342764, 0.8500316134459942], 'auc_wo_foldz': 0.7956024796590468, 'auc_wo_foldz_ci': [0.7441756634629954, 0.8450201703483994], 'draws': 2000, 'oof_maxabs_vs_pod': 0.9663188251792432}
bf16exact_conflict_own_folds_equal_sklearn False
bf16exact_conflict {'n': 146, 'n_speakers': 100, 'cosine': -0.007488602553025711, 'rand_mean': 0.017712004606222097, 'rand_lo': 0.0005666374154102655, 'rand_hi': 0.05222297922878028, 'auc_probe': 0.6213421342134213, 'auc_probe_ci': [0.5202301704705551, 0.7225987348517743], 'auc_d': 0.6028602860286029, 'auc_d_ci': [0.496539929221551, 0.7024788097057003], 'auc_wo_trainz': 0.6316831683168317, 'auc_wo_trainz_ci': [0.5337005330871901, 0.7334117406613839], 'auc_wo_foldz': 0.6169416941694169, 'auc_wo_foldz_ci': [0.5137517429995752, 0.7207409802146643], 'draws': 2000}
bf16exact_agreement_own_folds_equal_sklearn False
bf16exact_agreement {'n': 322, 'n_speakers': 175, 'cosine': 0.009377736020031923, 'rand_mean': 0.0171812272038386, 'rand_lo': 0.0005789973190739539, 'rand_hi': 0.04778063577771453, 'auc_probe': 0.9259259259259259, 'auc_probe_ci': [0.8934469537172903, 0.9529298257329484], 'auc_d': 0.8264311572582249, 'auc_d_ci': [0.7741252126672338, 0.8730990470397405], 'auc_wo_trainz': 0.9306599832915622, 'auc_wo_trainz_ci': [0.9003679952067172, 0.9555677391618844], 'auc_wo_foldz': 0.9308191112702391, 'auc_wo_foldz_ci': [0.9024703748181189, 0.9554482715230018], 'draws': 2000}
DONE
