rows in TSV: 41
ok G_pcgita                   mean5 +0.3306 [+0.2498, +0.4088] p=0.0010 maxdraw=4.4e-16
ok G_neurovoz                 mean5 +0.2262 [+0.1735, +0.2851] p=0.0010 maxdraw=4.4e-16
ok G_adresso                  mean5 +0.2602 [+0.1755, +0.3396] p=0.0010 maxdraw=4.4e-16
ok G_adress2020               mean5 +0.1802 [+0.0766, +0.2805] p=0.0010 maxdraw=5.6e-16
ok G_pitt                     mean5 +0.1128 [+0.0455, +0.1768] p=0.0030 maxdraw=4.4e-16
ok G_edaic_llm                mean5 -0.0929 [-0.1609, -0.0257] p=0.0080 maxdraw=3.3e-16
ok G_edaic_enc                mean5 -0.2385 [-0.3244, -0.1505] p=0.0010 maxdraw=4.4e-16
ok Gs_edaic_ansstate          mean5 -0.0007 [-0.0455, +0.0436] p=0.9855 maxdraw=3.3e-16
ok Gs_kcl_single              two   +0.0625 [-0.1813, +0.2900] p=0.6087 maxdraw=3.3e-16
ok R_edaic_q2a                arms  -0.7328 [-0.7780, -0.6837] p=0.0010 maxdraw=2.2e-16
ok R_edaic_o25                arms  -0.7429 [-0.7869, -0.6944] p=0.0010 maxdraw=2.2e-16
ok R_edaic_q3o                arms  -0.6719 [-0.7266, -0.6105] p=0.0010 maxdraw=2.2e-16
ok R_edaic_af2                arms  -0.1011 [-0.1647, -0.0384] p=0.0040 maxdraw=2.2e-16
ok R_edaic_af3                arms  -0.4190 [-0.4878, -0.3461] p=0.0010 maxdraw=2.2e-16
ok R_edaic_kimi               arms  -0.3678 [-0.4394, -0.3020] p=0.0010 maxdraw=3.3e-16
ok R_pitt_q2a                 arms  -0.2853 [-0.3950, -0.1485] p=0.0010 maxdraw=2.8e-16
ok R_pitt_o25                 arms  -0.1731 [-0.2958, -0.0392] p=0.0120 maxdraw=3.3e-16
ok R_pitt_q3o                 arms  -0.2165 [-0.3242, -0.1052] p=0.0010 maxdraw=3.3e-16
ok Rs_pitt_af2                arms  +0.0498 [-0.0653, +0.1735] p=0.3928 maxdraw=2.2e-16
ok Rs_pitt_af3                arms  +0.0220 [-0.0846, +0.1357] p=0.6527 maxdraw=3.3e-16
ok Rs_pitt_kimi               arms  -0.0030 [-0.1134, +0.1065] p=0.9385 maxdraw=4.4e-16
ok F_pcgita                   two   +0.3227 [+0.2391, +0.4040] p=0.0010 maxdraw=3.3e-16
ok F_neurovoz                 two   +0.2078 [+0.1588, +0.2578] p=0.0010 maxdraw=3.3e-16
ok F_pitt                     two   +0.1095 [+0.0454, +0.1728] p=0.0030 maxdraw=4.4e-16
ok F_adresso                  two   +0.2096 [+0.1294, +0.2867] p=0.0010 maxdraw=3.3e-16
ok F_adress2020               two   +0.1443 [+0.0490, +0.2370] p=0.0030 maxdraw=3.3e-16
ok Fs_kcl                     two   -0.0149 [-0.2709, +0.2364] p=0.9335 maxdraw=3.3e-16
ok Fs_edaic_seed0             two   +0.0223 [-0.0064, +0.0547] p=0.1249 maxdraw=3.3e-16
ok F_lora_minus_projector     two   +0.0577 [+0.0154, +0.1044] p=0.0080 maxdraw=3.3e-16
ok C_pg_probe_drop            two   -0.0661 [-0.1181, -0.0180] p=0.0130 maxdraw=3.3e-16
ok C_nv_probe_drop            two   -0.0308 [-0.0608, -0.0012] p=0.0370 maxdraw=3.3e-16
ok Cs_pg_answer               two   -0.0054 [-0.0437, +0.0357] p=0.7786 maxdraw=2.2e-16
ok X_edaic_conf_q2a           one   -0.2720 [-0.3184, -0.2218] p=0.0010 maxdraw=1.1e-16
ok X_edaic_conf_o25           one   -0.2782 [-0.3171, -0.2368] p=0.0010 maxdraw=1.1e-16
ok X_edaic_conf_q3o           one   -0.1992 [-0.2546, -0.1359] p=0.0010 maxdraw=1.1e-16
ok X_edaic_conf_af2           one   +0.0286 [-0.0488, +0.1015] p=0.4808 maxdraw=2.2e-16
ok X_edaic_conf_af3           one   -0.0765 [-0.1394, -0.0120] p=0.0200 maxdraw=1.1e-16
ok X_edaic_conf_kimi          one   +0.0258 [-0.0499, +0.0977] p=0.5137 maxdraw=1.1e-16
ok X_pitt_conf_q2a            one   -0.0868 [-0.1995, +0.0423] p=0.1759 maxdraw=1.1e-16
ok X_pitt_conf_o25            one   +0.0322 [-0.0784, +0.1447] p=0.5507 maxdraw=2.2e-16
ok X_pitt_conf_q3o            one   +0.1066 [-0.0044, +0.2123] p=0.0650 maxdraw=2.2e-16
ALL_PASS True fails 0
